/home/runner/work/Anything/Anything/tests/Anything.Application.UnitTests/Features/Vendors/VendorHandlerTests.cs(256,27): error CS7036: There is no argument given that corresponds to the required parameter 'householdContext' of 'GetVendorByIdHandler.GetVendorByIdHandler(IRepository<Vendor>, IHouseholdContext)' [/home/runner/work/Anything/Anything/tests/Anything.Application.UnitTests/Anything.Application.UnitTests.csproj]
/home/runner/work/Anything/Anything/tests/Anything.Application.UnitTests/Features/Vendors/VendorHandlerTests.cs(267,27): error CS7036: There is no argument given that corresponds to the required parameter 'householdContext' of 'GetVendorByIdHandler.GetVendorByIdHandler(IRepository<Vendor>, IHouseholdContext)' [/home/runner/work/Anything/Anything/tests/Anything.Application.UnitTests/Anything.Application.UnitTests.csproj]
/home/runner/work/Anything/Anything/tests/Anything.Application.UnitTests/Features/Vendors/VendorHandlerTests.cs(279,27): error CS7036: There is no argument given that corresponds to the required parameter 'householdContext' of 'GetVendorByIdHandler.GetVendorByIdHandler(IRepository<Vendor>, IHouseholdContext)' [/home/runner/work/Anything/Anything/tests/Anything.Application.UnitTests/Anything.Application.UnitTests.csproj]
/home/runner/work/Anything/Anything/tests/Anything.Application.UnitTests/Features/Vendors/VendorHandlerTests.cs(293,27): error CS7036: There is no argument given that corresponds to the required parameter 'householdContext' of 'GetVendorByIdHandler.GetVendorByIdHandler(IRepository<Vendor>, IHouseholdContext)' [/home/runner/work/Anything/Anything/tests/Anything.Application.UnitTests/Anything.Application.UnitTests.csproj]
/home/runner/work/Anything/Anything/tests/Anything.Application.UnitTests/Features/Vendors/VendorHandlerTests.cs(210,27): error CS7036: There is no argument given that corresponds to the required parameter 'householdContext' of 'GetVendorsHandler.GetVendorsHandler(IRepository<Vendor>, IHouseholdContext)' [/home/runner/work/Anything/Anything/tests/Anything.Application.UnitTests/Anything.Application.UnitTests.csproj]
/home/runner/work/Anything/Anything/tests/Anything.Application.UnitTests/Features/Vendors/VendorHandlerTests.cs(225,27): error CS7036: There is no argument given that corresponds to the required parameter 'householdContext' of 'GetVendorsHandler.GetVendorsHandler(IRepository<Vendor>, IHouseholdContext)' [/home/runner/work/Anything/Anything/tests/Anything.Application.UnitTests/Anything.Application.UnitTests.csproj]
/home/runner/work/Anything/Anything/tests/Anything.Application.UnitTests/Features/Vendors/VendorHandlerTests.cs(241,27): error CS7036: There is no argument given that corresponds to the required parameter 'householdContext' of 'GetVendorsHandler.GetVendorsHandler(IRepository<Vendor>, IHouseholdContext)' [/home/runner/work/Anything/Anything/tests/Anything.Application.UnitTests/Anything.Application.UnitTests.csproj]
/home/runner/work/Anything/Anything/tests/Anything.Application.UnitTests/Features/Vendors/VendorHandlerTests.cs(151,27): error CS7036: There is no argument given that corresponds to the required parameter 'timeProvider' of 'DeleteVendorHandler.DeleteVendorHandler(IRepository<Vendor>, IHouseholdContext, IUnitOfWork, TimeProvider)' [/home/runner/work/Anything/Anything/tests/Anything.Application.UnitTests/Anything.Application.UnitTests.csproj]
/home/runner/work/Anything/Anything/tests/Anything.Application.UnitTests/Features/Vendors/VendorHandlerTests.cs(162,27): error CS7036: There is no argument given that corresponds to the required parameter 'timeProvider' of 'DeleteVendorHandler.DeleteVendorHandler(IRepository<Vendor>, IHouseholdContext, IUnitOfWork, TimeProvider)' [/home/runner/work/Anything/Anything/tests/Anything.Application.UnitTests/Anything.Application.UnitTests.csproj]
/home/runner/work/Anything/Anything/tests/Anything.Application.UnitTests/Features/Bills/BillHandlerTests.cs(1187,9): error CS7036: There is no argument given that corresponds to the required parameter 'householdContext' of 'GetBillAttachmentsHandler.GetBillAttachmentsHandler(IRepository<Bill>, IRepository<BillAttachment>, IImageStorageService, IHouseholdContext)' [/home/runner/work/Anything/Anything/tests/Anything.Application.UnitTests/Anything.Application.UnitTests.csproj]
/home/runner/work/Anything/Anything/tests/Anything.Application.UnitTests/Features/Vendors/VendorHandlerTests.cs(176,27): error CS7036: There is no argument given that corresponds to the required parameter 'timeProvider' of 'DeleteVendorHandler.DeleteVendorHandler(IRepository<Vendor>, IHouseholdContext, IUnitOfWork, TimeProvider)' [/home/runner/work/Anything/Anything/tests/Anything.Application.UnitTests/Anything.Application.UnitTests.csproj]
/home/runner/work/Anything/Anything/tests/Anything.Application.UnitTests/Features/Vendors/VendorHandlerTests.cs(189,27): error CS7036: There is no argument given that corresponds to the required parameter 'timeProvider' of 'DeleteVendorHandler.DeleteVendorHandler(IRepository<Vendor>, IHouseholdContext, IUnitOfWork, TimeProvider)' [/home/runner/work/Anything/Anything/tests/Anything.Application.UnitTests/Anything.Application.UnitTests.csproj]
/home/runner/work/Anything/Anything/tests/Anything.Application.UnitTests/Features/Vendors/VendorHandlerTests.cs(87,27): error CS7036: There is no argument given that corresponds to the required parameter 'timeProvider' of 'UpdateVendorHandler.UpdateVendorHandler(IRepository<Vendor>, IHouseholdContext, IUnitOfWork, TimeProvider)' [/home/runner/work/Anything/Anything/tests/Anything.Application.UnitTests/Anything.Application.UnitTests.csproj]
/home/runner/work/Anything/Anything/tests/Anything.Application.UnitTests/Features/Vendors/VendorHandlerTests.cs(98,27): error CS7036: There is no argument given that corresponds to the required parameter 'timeProvider' of 'UpdateVendorHandler.UpdateVendorHandler(IRepository<Vendor>, IHouseholdContext, IUnitOfWork, TimeProvider)' [/home/runner/work/Anything/Anything/tests/Anything.Application.UnitTests/Anything.Application.UnitTests.csproj]
/home/runner/work/Anything/Anything/tests/Anything.Application.UnitTests/Features/Bills/BillHandlerTests.cs(1149,9): error CS7036: There is no argument given that corresponds to the required parameter 'unitOfWork' of 'UpdateBillAttachmentHandler.UpdateBillAttachmentHandler(IRepository<Bill>, IRepository<BillAttachment>, IHouseholdContext, IUnitOfWork, TimeProvider)' [/home/runner/work/Anything/Anything/tests/Anything.Application.UnitTests/Anything.Application.UnitTests.csproj]
/home/runner/work/Anything/Anything/tests/Anything.Application.UnitTests/Features/Vendors/VendorHandlerTests.cs(112,27): error CS7036: There is no argument given that corresponds to the required parameter 'timeProvider' of 'UpdateVendorHandler.UpdateVendorHandler(IRepository<Vendor>, IHouseholdContext, IUnitOfWork, TimeProvider)' [/home/runner/work/Anything/Anything/tests/Anything.Application.UnitTests/Anything.Application.UnitTests.csproj]
/home/runner/work/Anything/Anything/tests/Anything.Application.UnitTests/Features/Vendors/VendorHandlerTests.cs(128,27): error CS7036: There is no argument given that corresponds to the required parameter 'timeProvider' of 'UpdateVendorHandler.UpdateVendorHandler(IRepository<Vendor>, IHouseholdContext, IUnitOfWork, TimeProvider)' [/home/runner/work/Anything/Anything/tests/Anything.Application.UnitTests/Anything.Application.UnitTests.csproj]
/home/runner/work/Anything/Anything/tests/Anything.Application.UnitTests/Features/Bills/BillHandlerTests.cs(1097,9): error CS7036: There is no argument given that corresponds to the required parameter 'unitOfWork' of 'DeleteBillAttachmentHandler.DeleteBillAttachmentHandler(IRepository<Bill>, IRepository<BillAttachment>, IImageStorageService, IHouseholdContext, IUnitOfWork, TimeProvider)' [/home/runner/work/Anything/Anything/tests/Anything.Application.UnitTests/Anything.Application.UnitTests.csproj]
/home/runner/work/Anything/Anything/tests/Anything.Application.UnitTests/Features/Vendors/VendorHandlerTests.cs(26,27): error CS7036: There is no argument given that corresponds to the required parameter 'timeProvider' of 'CreateVendorHandler.CreateVendorHandler(IRepository<Vendor>, IHouseholdContext, IUnitOfWork, TimeProvider)' [/home/runner/work/Anything/Anything/tests/Anything.Application.UnitTests/Anything.Application.UnitTests.csproj]
/home/runner/work/Anything/Anything/tests/Anything.Application.UnitTests/Features/Vendors/VendorHandlerTests.cs(39,27): error CS7036: There is no argument given that corresponds to the required parameter 'timeProvider' of 'CreateVendorHandler.CreateVendorHandler(IRepository<Vendor>, IHouseholdContext, IUnitOfWork, TimeProvider)' [/home/runner/work/Anything/Anything/tests/Anything.Application.UnitTests/Anything.Application.UnitTests.csproj]
/home/runner/work/Anything/Anything/tests/Anything.Application.UnitTests/Features/Vendors/VendorHandlerTests.cs(53,27): error CS7036: There is no argument given that corresponds to the required parameter 'timeProvider' of 'CreateVendorHandler.CreateVendorHandler(IRepository<Vendor>, IHouseholdContext, IUnitOfWork, TimeProvider)' [/home/runner/work/Anything/Anything/tests/Anything.Application.UnitTests/Anything.Application.UnitTests.csproj]
/home/runner/work/Anything/Anything/tests/Anything.Application.UnitTests/Features/Vendors/VendorHandlerTests.cs(63,27): error CS7036: There is no argument given that corresponds to the required parameter 'timeProvider' of 'CreateVendorHandler.CreateVendorHandler(IRepository<Vendor>, IHouseholdContext, IUnitOfWork, TimeProvider)' [/home/runner/work/Anything/Anything/tests/Anything.Application.UnitTests/Anything.Application.UnitTests.csproj]
/home/runner/work/Anything/Anything/tests/Anything.Application.UnitTests/Features/Bills/BillHandlerTests.cs(1029,9): error CS7036: There is no argument given that corresponds to the required parameter 'timeProvider' of 'UploadBillAttachmentHandler.UploadBillAttachmentHandler(IRepository<Bill>, IRepository<BillAttachment>, IImageStorageService, IHouseholdContext, IUnitOfWork, TimeProvider)' [/home/runner/work/Anything/Anything/tests/Anything.Application.UnitTests/Anything.Application.UnitTests.csproj]
/home/runner/work/Anything/Anything/tests/Anything.Application.UnitTests/Features/SuggestionCategories/SuggestionCategoryHandlerTests.cs(119,27): error CS7036: There is no argument given that corresponds to the required parameter 'timeProvider' of 'DeleteSuggestionCategoryHandler.DeleteSuggestionCategoryHandler(IRepository<SuggestionCategory>, IHouseholdContext, IUnitOfWork, TimeProvider)' [/home/runner/work/Anything/Anything/tests/Anything.Application.UnitTests/Anything.Application.UnitTests.csproj]
/home/runner/work/Anything/Anything/tests/Anything.Application.UnitTests/Features/SuggestionCategories/SuggestionCategoryHandlerTests.cs(130,27): error CS7036: There is no argument given that corresponds to the required parameter 'timeProvider' of 'DeleteSuggestionCategoryHandler.DeleteSuggestionCategoryHandler(IRepository<SuggestionCategory>, IHouseholdContext, IUnitOfWork, TimeProvider)' [/home/runner/work/Anything/Anything/tests/Anything.Application.UnitTests/Anything.Application.UnitTests.csproj]
/home/runner/work/Anything/Anything/tests/Anything.Application.UnitTests/Features/SuggestionCategories/SuggestionCategoryHandlerTests.cs(144,27): error CS7036: There is no argument given that corresponds to the required parameter 'timeProvider' of 'DeleteSuggestionCategoryHandler.DeleteSuggestionCategoryHandler(IRepository<SuggestionCategory>, IHouseholdContext, IUnitOfWork, TimeProvider)' [/home/runner/work/Anything/Anything/tests/Anything.Application.UnitTests/Anything.Application.UnitTests.csproj]
/home/runner/work/Anything/Anything/tests/Anything.Application.UnitTests/Features/SuggestionCategories/SuggestionCategoryHandlerTests.cs(68,27): error CS7036: There is no argument given that corresponds to the required parameter 'timeProvider' of 'UpdateSuggestionCategoryHandler.UpdateSuggestionCategoryHandler(IRepository<SuggestionCategory>, IHouseholdContext, IUnitOfWork, TimeProvider)' [/home/runner/work/Anything/Anything/tests/Anything.Application.UnitTests/Anything.Application.UnitTests.csproj]
/home/runner/work/Anything/Anything/tests/Anything.Application.UnitTests/Features/SuggestionCategories/SuggestionCategoryHandlerTests.cs(79,27): error CS7036: There is no argument given that corresponds to the required parameter 'timeProvider' of 'UpdateSuggestionCategoryHandler.UpdateSuggestionCategoryHandler(IRepository<SuggestionCategory>, IHouseholdContext, IUnitOfWork, TimeProvider)' [/home/runner/work/Anything/Anything/tests/Anything.Application.UnitTests/Anything.Application.UnitTests.csproj]
/home/runner/work/Anything/Anything/tests/Anything.Application.UnitTests/Features/Bills/BillHandlerTests.cs(938,54): error CS7036: There is no argument given that corresponds to the required parameter 'householdContext' of 'GetBillSummaryHandler.GetBillSummaryHandler(IRepository<Bill>, IRepository<BillPriceHistory>, IHouseholdContext)' [/home/runner/work/Anything/Anything/tests/Anything.Application.UnitTests/Anything.Application.UnitTests.csproj]
/home/runner/work/Anything/Anything/tests/Anything.Application.UnitTests/Features/SuggestionCategories/SuggestionCategoryHandlerTests.cs(93,27): error CS7036: There is no argument given that corresponds to the required parameter 'timeProvider' of 'UpdateSuggestionCategoryHandler.UpdateSuggestionCategoryHandler(IRepository<SuggestionCategory>, IHouseholdContext, IUnitOfWork, TimeProvider)' [/home/runner/work/Anything/Anything/tests/Anything.Application.UnitTests/Anything.Application.UnitTests.csproj]
/home/runner/work/Anything/Anything/tests/Anything.Application.UnitTests/Features/SuggestionCategories/SuggestionCategoryHandlerTests.cs(27,27): error CS7036: There is no argument given that corresponds to the required parameter 'timeProvider' of 'CreateSuggestionCategoryHandler.CreateSuggestionCategoryHandler(IRepository<SuggestionCategory>, IHouseholdContext, IUnitOfWork, TimeProvider)' [/home/runner/work/Anything/Anything/tests/Anything.Application.UnitTests/Anything.Application.UnitTests.csproj]
/home/runner/work/Anything/Anything/tests/Anything.Application.UnitTests/Features/Bills/BillHandlerTests.cs(812,59): error CS7036: There is no argument given that corresponds to the required parameter 'householdContext' of 'GetBillPriceHistoryHandler.GetBillPriceHistoryHandler(IRepository<Bill>, IRepository<BillPriceHistory>, IHouseholdContext)' [/home/runner/work/Anything/Anything/tests/Anything.Application.UnitTests/Anything.Application.UnitTests.csproj]
/home/runner/work/Anything/Anything/tests/Anything.Application.UnitTests/Features/SuggestionCategories/SuggestionCategoryHandlerTests.cs(44,27): error CS7036: There is no argument given that corresponds to the required parameter 'timeProvider' of 'CreateSuggestionCategoryHandler.CreateSuggestionCategoryHandler(IRepository<SuggestionCategory>, IHouseholdContext, IUnitOfWork, TimeProvider)' [/home/runner/work/Anything/Anything/tests/Anything.Application.UnitTests/Anything.Application.UnitTests.csproj]
/home/runner/work/Anything/Anything/tests/Anything.Application.UnitTests/Features/Somethings/SomethingHandlerTests.cs(167,27): error CS7036: There is no argument given that corresponds to the required parameter 'householdContext' of 'GetSomethingByIdHandler.GetSomethingByIdHandler(IRepository<Something>, IHouseholdContext)' [/home/runner/work/Anything/Anything/tests/Anything.Application.UnitTests/Anything.Application.UnitTests.csproj]
/home/runner/work/Anything/Anything/tests/Anything.Application.UnitTests/Features/Somethings/SomethingHandlerTests.cs(178,27): error CS7036: There is no argument given that corresponds to the required parameter 'householdContext' of 'GetSomethingByIdHandler.GetSomethingByIdHandler(IRepository<Something>, IHouseholdContext)' [/home/runner/work/Anything/Anything/tests/Anything.Application.UnitTests/Anything.Application.UnitTests.csproj]
/home/runner/work/Anything/Anything/tests/Anything.Application.UnitTests/Features/Somethings/SomethingHandlerTests.cs(190,27): error CS7036: There is no argument given that corresponds to the required parameter 'householdContext' of 'GetSomethingByIdHandler.GetSomethingByIdHandler(IRepository<Something>, IHouseholdContext)' [/home/runner/work/Anything/Anything/tests/Anything.Application.UnitTests/Anything.Application.UnitTests.csproj]
/home/runner/work/Anything/Anything/tests/Anything.Application.UnitTests/Features/Somethings/SomethingHandlerTests.cs(151,27): error CS7036: There is no argument given that corresponds to the required parameter 'householdContext' of 'GetSomethingsHandler.GetSomethingsHandler(IRepository<Something>, IHouseholdContext)' [/home/runner/work/Anything/Anything/tests/Anything.Application.UnitTests/Anything.Application.UnitTests.csproj]
/home/runner/work/Anything/Anything/tests/Anything.Application.UnitTests/Features/Bills/BillHandlerTests.cs(709,54): error CS7036: There is no argument given that corresponds to the required parameter 'householdContext' of 'GetBillSummaryHandler.GetBillSummaryHandler(IRepository<Bill>, IRepository<BillPriceHistory>, IHouseholdContext)' [/home/runner/work/Anything/Anything/tests/Anything.Application.UnitTests/Anything.Application.UnitTests.csproj]
/home/runner/work/Anything/Anything/tests/Anything.Application.UnitTests/Features/Somethings/SomethingHandlerTests.cs(103,27): error CS7036: There is no argument given that corresponds to the required parameter 'householdContext' of 'DeleteSomethingHandler.DeleteSomethingHandler(IRepository<Something>, IUnitOfWork, TimeProvider, IHouseholdContext)' [/home/runner/work/Anything/Anything/tests/Anything.Application.UnitTests/Anything.Application.UnitTests.csproj]
/home/runner/work/Anything/Anything/tests/Anything.Application.UnitTests/Features/Somethings/SomethingHandlerTests.cs(114,27): error CS7036: There is no argument given that corresponds to the required parameter 'householdContext' of 'DeleteSomethingHandler.DeleteSomethingHandler(IRepository<Something>, IUnitOfWork, TimeProvider, IHouseholdContext)' [/home/runner/work/Anything/Anything/tests/Anything.Application.UnitTests/Anything.Application.UnitTests.csproj]
/home/runner/work/Anything/Anything/tests/Anything.Application.UnitTests/Features/Somethings/SomethingHandlerTests.cs(128,27): error CS7036: There is no argument given that corresponds to the required parameter 'householdContext' of 'DeleteSomethingHandler.DeleteSomethingHandler(IRepository<Something>, IUnitOfWork, TimeProvider, IHouseholdContext)' [/home/runner/work/Anything/Anything/tests/Anything.Application.UnitTests/Anything.Application.UnitTests.csproj]
/home/runner/work/Anything/Anything/tests/Anything.Application.UnitTests/Features/Somethings/SomethingHandlerTests.cs(52,27): error CS7036: There is no argument given that corresponds to the required parameter 'householdContext' of 'UpdateSomethingHandler.UpdateSomethingHandler(IRepository<Something>, IUnitOfWork, TimeProvider, IHouseholdContext)' [/home/runner/work/Anything/Anything/tests/Anything.Application.UnitTests/Anything.Application.UnitTests.csproj]
/home/runner/work/Anything/Anything/tests/Anything.Application.UnitTests/Features/Somethings/SomethingHandlerTests.cs(63,27): error CS7036: There is no argument given that corresponds to the required parameter 'householdContext' of 'UpdateSomethingHandler.UpdateSomethingHandler(IRepository<Something>, IUnitOfWork, TimeProvider, IHouseholdContext)' [/home/runner/work/Anything/Anything/tests/Anything.Application.UnitTests/Anything.Application.UnitTests.csproj]
/home/runner/work/Anything/Anything/tests/Anything.Application.UnitTests/Features/Bills/BillHandlerTests.cs(638,51): error CS7036: There is no argument given that corresponds to the required parameter 'householdContext' of 'GetBillByIdHandler.GetBillByIdHandler(IRepository<Bill>, IRepository<BillPriceHistory>, IRepository<Location>, IRepository<Vendor>, IHouseholdContext)' [/home/runner/work/Anything/Anything/tests/Anything.Application.UnitTests/Anything.Application.UnitTests.csproj]
/home/runner/work/Anything/Anything/tests/Anything.Application.UnitTests/Features/Somethings/SomethingHandlerTests.cs(77,27): error CS7036: There is no argument given that corresponds to the required parameter 'householdContext' of 'UpdateSomethingHandler.UpdateSomethingHandler(IRepository<Something>, IUnitOfWork, TimeProvider, IHouseholdContext)' [/home/runner/work/Anything/Anything/tests/Anything.Application.UnitTests/Anything.Application.UnitTests.csproj]
/home/runner/work/Anything/Anything/tests/Anything.Application.UnitTests/Features/FoodPlans/FoodPlanHandlerTests.cs(449,32): error CS7036: There is no argument given that corresponds to the required parameter 'householdContext' of 'GetFoodPlanNotesByDateRangeHandler.GetFoodPlanNotesByDateRangeHandler(IRepository<FoodPlanNote>, IHouseholdContext)' [/home/runner/work/Anything/Anything/tests/Anything.Application.UnitTests/Anything.Application.UnitTests.csproj]
/home/runner/work/Anything/Anything/tests/Anything.Application.UnitTests/Features/Somethings/SomethingHandlerTests.cs(26,27): error CS7036: There is no argument given that corresponds to the required parameter 'householdContext' of 'CreateSomethingHandler.CreateSomethingHandler(IRepository<Something>, IUnitOfWork, TimeProvider, IHouseholdContext)' [/home/runner/work/Anything/Anything/tests/Anything.Application.UnitTests/Anything.Application.UnitTests.csproj]
/home/runner/work/Anything/Anything/tests/Anything.Application.UnitTests/Features/ShoppingLists/ShoppingListHandlerTests.cs(423,60): error CS7036: There is no argument given that corresponds to the required parameter 'realtimeNotifier' of 'ReorderShoppingListsHandler.ReorderShoppingListsHandler(IRepository<ShoppingList>, IHouseholdContext, IUnitOfWork, IRealtimeNotifier)' [/home/runner/work/Anything/Anything/tests/Anything.Application.UnitTests/Anything.Application.UnitTests.csproj]
/home/runner/work/Anything/Anything/tests/Anything.Application.UnitTests/Features/FoodPlans/FoodPlanHandlerTests.cs(470,32): error CS7036: There is no argument given that corresponds to the required parameter 'householdContext' of 'GetFoodPlanNotesByDateRangeHandler.GetFoodPlanNotesByDateRangeHandler(IRepository<FoodPlanNote>, IHouseholdContext)' [/home/runner/work/Anything/Anything/tests/Anything.Application.UnitTests/Anything.Application.UnitTests.csproj]
/home/runner/work/Anything/Anything/tests/Anything.Application.UnitTests/Features/FoodPlans/FoodPlanHandlerTests.cs(489,32): error CS7036: There is no argument given that corresponds to the required parameter 'householdContext' of 'GetFoodPlanNotesByDateRangeHandler.GetFoodPlanNotesByDateRangeHandler(IRepository<FoodPlanNote>, IHouseholdContext)' [/home/runner/work/Anything/Anything/tests/Anything.Application.UnitTests/Anything.Application.UnitTests.csproj]
/home/runner/work/Anything/Anything/tests/Anything.Application.UnitTests/Features/FoodPlans/FoodPlanHandlerTests.cs(409,27): error CS7036: There is no argument given that corresponds to the required parameter 'unitOfWork' of 'DeleteFoodPlanNoteHandler.DeleteFoodPlanNoteHandler(IRepository<FoodPlanNote>, IHouseholdContext, IUnitOfWork)' [/home/runner/work/Anything/Anything/tests/Anything.Application.UnitTests/Anything.Application.UnitTests.csproj]
/home/runner/work/Anything/Anything/tests/Anything.Application.UnitTests/Features/Bills/BillHandlerTests.cs(539,48): error CS7036: There is no argument given that corresponds to the required parameter 'householdContext' of 'GetBillsHandler.GetBillsHandler(IRepository<Bill>, IRepository<BillPriceHistory>, IRepository<Location>, IRepository<Vendor>, IHouseholdContext)' [/home/runner/work/Anything/Anything/tests/Anything.Application.UnitTests/Anything.Application.UnitTests.csproj]
/home/runner/work/Anything/Anything/tests/Anything.Application.UnitTests/Features/FoodPlans/FoodPlanHandlerTests.cs(422,27): error CS7036: There is no argument given that corresponds to the required parameter 'unitOfWork' of 'DeleteFoodPlanNoteHandler.DeleteFoodPlanNoteHandler(IRepository<FoodPlanNote>, IHouseholdContext, IUnitOfWork)' [/home/runner/work/Anything/Anything/tests/Anything.Application.UnitTests/Anything.Application.UnitTests.csproj]
/home/runner/work/Anything/Anything/tests/Anything.Application.UnitTests/Features/ShoppingLists/ShoppingListHandlerTests.cs(378,59): error CS7036: There is no argument given that corresponds to the required parameter 'householdContext' of 'GetShoppingListByIdHandler.GetShoppingListByIdHandler(IRepository<ShoppingList>, IHouseholdContext)' [/home/runner/work/Anything/Anything/tests/Anything.Application.UnitTests/Anything.Application.UnitTests.csproj]
/home/runner/work/Anything/Anything/tests/Anything.Application.UnitTests/Features/FoodPlans/FoodPlanHandlerTests.cs(371,27): error CS7036: There is no argument given that corresponds to the required parameter 'timeProvider' of 'UpsertFoodPlanNoteHandler.UpsertFoodPlanNoteHandler(IRepository<FoodPlanNote>, IHouseholdContext, IUnitOfWork, TimeProvider)' [/home/runner/work/Anything/Anything/tests/Anything.Application.UnitTests/Anything.Application.UnitTests.csproj]
/home/runner/work/Anything/Anything/tests/Anything.Application.UnitTests/Features/FoodPlans/FoodPlanHandlerTests.cs(388,27): error CS7036: There is no argument given that corresponds to the required parameter 'timeProvider' of 'UpsertFoodPlanNoteHandler.UpsertFoodPlanNoteHandler(IRepository<FoodPlanNote>, IHouseholdContext, IUnitOfWork, TimeProvider)' [/home/runner/work/Anything/Anything/tests/Anything.Application.UnitTests/Anything.Application.UnitTests.csproj]
/home/runner/work/Anything/Anything/tests/Anything.Application.UnitTests/Features/FoodPlans/FoodPlanHandlerTests.cs(327,27): error CS7036: There is no argument given that corresponds to the required parameter 'timeProvider' of 'UpdateFoodPlanSettingsHandler.UpdateFoodPlanSettingsHandler(IRepository<FoodPlanSettings>, IHouseholdContext, IUnitOfWork, TimeProvider)' [/home/runner/work/Anything/Anything/tests/Anything.Application.UnitTests/Anything.Application.UnitTests.csproj]
/home/runner/work/Anything/Anything/tests/Anything.Application.UnitTests/Features/ShoppingLists/ShoppingListHandlerTests.cs(296,56): error CS7036: There is no argument given that corresponds to the required parameter 'householdContext' of 'GetShoppingListsHandler.GetShoppingListsHandler(IRepository<ShoppingList>, IRepository<ShoppingListItem>, IHouseholdContext)' [/home/runner/work/Anything/Anything/tests/Anything.Application.UnitTests/Anything.Application.UnitTests.csproj]
/home/runner/work/Anything/Anything/tests/Anything.Application.UnitTests/Features/FoodPlans/FoodPlanHandlerTests.cs(343,27): error CS7036: There is no argument given that corresponds to the required parameter 'timeProvider' of 'UpdateFoodPlanSettingsHandler.UpdateFoodPlanSettingsHandler(IRepository<FoodPlanSettings>, IHouseholdContext, IUnitOfWork, TimeProvider)' [/home/runner/work/Anything/Anything/tests/Anything.Application.UnitTests/Anything.Application.UnitTests.csproj]
/home/runner/work/Anything/Anything/tests/Anything.Application.UnitTests/Features/Bills/BillHandlerTests.cs(492,55): error CS7036: There is no argument given that corresponds to the required parameter 'householdContext' of 'DeleteBillPriceHandler.DeleteBillPriceHandler(IRepository<Bill>, IRepository<BillPriceHistory>, IHouseholdContext, IUnitOfWork)' [/home/runner/work/Anything/Anything/tests/Anything.Application.UnitTests/Anything.Application.UnitTests.csproj]
/home/runner/work/Anything/Anything/tests/Anything.Application.UnitTests/Features/FoodPlans/FoodPlanHandlerTests.cs(294,32): error CS7036: There is no argument given that corresponds to the required parameter 'householdContext' of 'GetFoodPlanSettingsHandler.GetFoodPlanSettingsHandler(IRepository<FoodPlanSettings>, IHouseholdContext)' [/home/runner/work/Anything/Anything/tests/Anything.Application.UnitTests/Anything.Application.UnitTests.csproj]
/home/runner/work/Anything/Anything/tests/Anything.Application.UnitTests/Features/FoodPlans/FoodPlanHandlerTests.cs(305,32): error CS7036: There is no argument given that corresponds to the required parameter 'householdContext' of 'GetFoodPlanSettingsHandler.GetFoodPlanSettingsHandler(IRepository<FoodPlanSettings>, IHouseholdContext)' [/home/runner/work/Anything/Anything/tests/Anything.Application.UnitTests/Anything.Application.UnitTests.csproj]
/home/runner/work/Anything/Anything/tests/Anything.Application.UnitTests/Features/Bills/BillHandlerTests.cs(443,55): error CS7036: There is no argument given that corresponds to the required parameter 'unitOfWork' of 'UpdateBillPriceHandler.UpdateBillPriceHandler(IRepository<Bill>, IRepository<BillPriceHistory>, IHouseholdContext, IUnitOfWork, TimeProvider)' [/home/runner/work/Anything/Anything/tests/Anything.Application.UnitTests/Anything.Application.UnitTests.csproj]
/home/runner/work/Anything/Anything/tests/Anything.Application.UnitTests/Features/FoodPlans/FoodPlanHandlerTests.cs(237,32): error CS7036: There is no argument given that corresponds to the required parameter 'householdContext' of 'GetFoodPlanEntriesByDateRangeHandler.GetFoodPlanEntriesByDateRangeHandler(IRepository<FoodPlanEntry>, IHouseholdContext)' [/home/runner/work/Anything/Anything/tests/Anything.Application.UnitTests/Anything.Application.UnitTests.csproj]
/home/runner/work/Anything/Anything/tests/Anything.Application.UnitTests/Features/ShoppingLists/ShoppingListHandlerTests.cs(243,9): error CS7036: There is no argument given that corresponds to the required parameter 'timeProvider' of 'UpdateShoppingListItemHandler.UpdateShoppingListItemHandler(IRepository<ShoppingList>, IRepository<ShoppingListItem>, IHouseholdContext, IUnitOfWork, TimeProvider, IRealtimeNotifier)' [/home/runner/work/Anything/Anything/tests/Anything.Application.UnitTests/Anything.Application.UnitTests.csproj]
/home/runner/work/Anything/Anything/tests/Anything.Application.UnitTests/Features/FoodPlans/FoodPlanHandlerTests.cs(256,32): error CS7036: There is no argument given that corresponds to the required parameter 'householdContext' of 'GetFoodPlanEntriesByDateRangeHandler.GetFoodPlanEntriesByDateRangeHandler(IRepository<FoodPlanEntry>, IHouseholdContext)' [/home/runner/work/Anything/Anything/tests/Anything.Application.UnitTests/Anything.Application.UnitTests.csproj]
/home/runner/work/Anything/Anything/tests/Anything.Application.UnitTests/Features/Bills/BillHandlerTests.cs(378,52): error CS7036: There is no argument given that corresponds to the required parameter 'timeProvider' of 'AddBillPriceHandler.AddBillPriceHandler(IRepository<Bill>, IRepository<BillPriceHistory>, IHouseholdContext, IUnitOfWork, TimeProvider)' [/home/runner/work/Anything/Anything/tests/Anything.Application.UnitTests/Anything.Application.UnitTests.csproj]
/home/runner/work/Anything/Anything/tests/Anything.Application.UnitTests/Features/ShoppingLists/ShoppingListHandlerTests.cs(196,9): error CS7036: There is no argument given that corresponds to the required parameter 'unitOfWork' of 'DeleteShoppingListItemHandler.DeleteShoppingListItemHandler(IRepository<ShoppingList>, IRepository<ShoppingListItem>, IHouseholdContext, IUnitOfWork, IRealtimeNotifier)' [/home/runner/work/Anything/Anything/tests/Anything.Application.UnitTests/Anything.Application.UnitTests.csproj]
/home/runner/work/Anything/Anything/tests/Anything.Application.UnitTests/Features/FoodPlans/FoodPlanHandlerTests.cs(275,32): error CS7036: There is no argument given that corresponds to the required parameter 'householdContext' of 'GetFoodPlanEntriesByDateRangeHandler.GetFoodPlanEntriesByDateRangeHandler(IRepository<FoodPlanEntry>, IHouseholdContext)' [/home/runner/work/Anything/Anything/tests/Anything.Application.UnitTests/Anything.Application.UnitTests.csproj]
/home/runner/work/Anything/Anything/tests/Anything.Application.UnitTests/Features/FoodPlans/FoodPlanHandlerTests.cs(181,27): error CS7036: There is no argument given that corresponds to the required parameter 'timeProvider' of 'DeleteFoodPlanEntryHandler.DeleteFoodPlanEntryHandler(IRepository<FoodPlanEntry>, IHouseholdContext, IUnitOfWork, TimeProvider)' [/home/runner/work/Anything/Anything/tests/Anything.Application.UnitTests/Anything.Application.UnitTests.csproj]
/home/runner/work/Anything/Anything/tests/Anything.Application.UnitTests/Features/FoodPlans/FoodPlanHandlerTests.cs(196,27): error CS7036: There is no argument given that corresponds to the required parameter 'timeProvider' of 'DeleteFoodPlanEntryHandler.DeleteFoodPlanEntryHandler(IRepository<FoodPlanEntry>, IHouseholdContext, IUnitOfWork, TimeProvider)' [/home/runner/work/Anything/Anything/tests/Anything.Application.UnitTests/Anything.Application.UnitTests.csproj]
/home/runner/work/Anything/Anything/tests/Anything.Application.UnitTests/Features/ShoppingLists/ShoppingListHandlerTests.cs(142,9): error CS7036: There is no argument given that corresponds to the required parameter 'realtimeNotifier' of 'DeleteShoppingListHandler.DeleteShoppingListHandler(IRepository<ShoppingList>, IHouseholdContext, IUnitOfWork, TimeProvider, IRealtimeNotifier)' [/home/runner/work/Anything/Anything/tests/Anything.Application.UnitTests/Anything.Application.UnitTests.csproj]
/home/runner/work/Anything/Anything/tests/Anything.Application.UnitTests/Features/Bills/BillHandlerTests.cs(329,50): error CS7036: There is no argument given that corresponds to the required parameter 'timeProvider' of 'DeleteBillHandler.DeleteBillHandler(IRepository<Bill>, IHouseholdContext, IUnitOfWork, TimeProvider)' [/home/runner/work/Anything/Anything/tests/Anything.Application.UnitTests/Anything.Application.UnitTests.csproj]
/home/runner/work/Anything/Anything/tests/Anything.Application.UnitTests/Features/FoodPlans/FoodPlanHandlerTests.cs(211,27): error CS7036: There is no argument given that corresponds to the required parameter 'timeProvider' of 'DeleteFoodPlanEntryHandler.DeleteFoodPlanEntryHandler(IRepository<FoodPlanEntry>, IHouseholdContext, IUnitOfWork, TimeProvider)' [/home/runner/work/Anything/Anything/tests/Anything.Application.UnitTests/Anything.Application.UnitTests.csproj]
/home/runner/work/Anything/Anything/tests/Anything.Application.UnitTests/Features/FoodPlans/FoodPlanHandlerTests.cs(109,27): error CS7036: There is no argument given that corresponds to the required parameter 'timeProvider' of 'UpdateFoodPlanEntryHandler.UpdateFoodPlanEntryHandler(IRepository<Recipe>, IRepository<FoodPlanEntry>, IHouseholdContext, IUnitOfWork, TimeProvider)' [/home/runner/work/Anything/Anything/tests/Anything.Application.UnitTests/Anything.Application.UnitTests.csproj]
/home/runner/work/Anything/Anything/tests/Anything.Application.UnitTests/Features/Bills/BillHandlerTests.cs(260,50): error CS7036: There is no argument given that corresponds to the required parameter 'timeProvider' of 'UpdateBillHandler.UpdateBillHandler(IRepository<Bill>, IHouseholdContext, IUnitOfWork, TimeProvider)' [/home/runner/work/Anything/Anything/tests/Anything.Application.UnitTests/Anything.Application.UnitTests.csproj]
/home/runner/work/Anything/Anything/tests/Anything.Application.UnitTests/Features/ShoppingLists/ShoppingListHandlerTests.cs(86,9): error CS7036: There is no argument given that corresponds to the required parameter 'realtimeNotifier' of 'UpdateShoppingListHandler.UpdateShoppingListHandler(IRepository<ShoppingList>, IHouseholdContext, IUnitOfWork, TimeProvider, IRealtimeNotifier)' [/home/runner/work/Anything/Anything/tests/Anything.Application.UnitTests/Anything.Application.UnitTests.csproj]
/home/runner/work/Anything/Anything/tests/Anything.Application.UnitTests/Features/FoodPlans/FoodPlanHandlerTests.cs(124,27): error CS7036: There is no argument given that corresponds to the required parameter 'timeProvider' of 'UpdateFoodPlanEntryHandler.UpdateFoodPlanEntryHandler(IRepository<Recipe>, IRepository<FoodPlanEntry>, IHouseholdContext, IUnitOfWork, TimeProvider)' [/home/runner/work/Anything/Anything/tests/Anything.Application.UnitTests/Anything.Application.UnitTests.csproj]
/home/runner/work/Anything/Anything/tests/Anything.Application.UnitTests/Features/ShoppingLists/ShoppingListHandlerTests.cs(21,9): error CS7036: There is no argument given that corresponds to the required parameter 'realtimeNotifier' of 'CreateShoppingListHandler.CreateShoppingListHandler(IRepository<ShoppingList>, IHouseholdContext, IUnitOfWork, TimeProvider, IRealtimeNotifier)' [/home/runner/work/Anything/Anything/tests/Anything.Application.UnitTests/Anything.Application.UnitTests.csproj]
/home/runner/work/Anything/Anything/tests/Anything.Application.UnitTests/Features/FoodPlans/FoodPlanHandlerTests.cs(140,27): error CS7036: There is no argument given that corresponds to the required parameter 'timeProvider' of 'UpdateFoodPlanEntryHandler.UpdateFoodPlanEntryHandler(IRepository<Recipe>, IRepository<FoodPlanEntry>, IHouseholdContext, IUnitOfWork, TimeProvider)' [/home/runner/work/Anything/Anything/tests/Anything.Application.UnitTests/Anything.Application.UnitTests.csproj]
/home/runner/work/Anything/Anything/tests/Anything.Application.UnitTests/Features/Bills/BillHandlerTests.cs(186,9): error CS7036: There is no argument given that corresponds to the required parameter 'timeProvider' of 'CreateBillHandler.CreateBillHandler(IRepository<Bill>, IRepository<BillPriceHistory>, IHouseholdContext, IUnitOfWork, TimeProvider)' [/home/runner/work/Anything/Anything/tests/Anything.Application.UnitTests/Anything.Application.UnitTests.csproj]
/home/runner/work/Anything/Anything/tests/Anything.Application.UnitTests/Features/FoodPlans/FoodPlanHandlerTests.cs(158,27): error CS7036: There is no argument given that corresponds to the required parameter 'timeProvider' of 'UpdateFoodPlanEntryHandler.UpdateFoodPlanEntryHandler(IRepository<Recipe>, IRepository<FoodPlanEntry>, IHouseholdContext, IUnitOfWork, TimeProvider)' [/home/runner/work/Anything/Anything/tests/Anything.Application.UnitTests/Anything.Application.UnitTests.csproj]
/home/runner/work/Anything/Anything/tests/Anything.Application.UnitTests/Features/ShoppingLists/CompleteShoppingListHandlerTests.cs(21,9): error CS7036: There is no argument given that corresponds to the required parameter 'realtimeNotifier' of 'CompleteShoppingListHandler.CompleteShoppingListHandler(IRepository<ShoppingList>, IRepository<ShoppingListItem>, IHouseholdContext, IUnitOfWork, TimeProvider, IRealtimeNotifier)' [/home/runner/work/Anything/Anything/tests/Anything.Application.UnitTests/Anything.Application.UnitTests.csproj]
/home/runner/work/Anything/Anything/tests/Anything.Application.UnitTests/Features/FoodPlans/FoodPlanHandlerTests.cs(28,27): error CS7036: There is no argument given that corresponds to the required parameter 'timeProvider' of 'AddFoodPlanEntryHandler.AddFoodPlanEntryHandler(IRepository<Recipe>, IRepository<FoodPlanEntry>, IHouseholdContext, IUnitOfWork, TimeProvider)' [/home/runner/work/Anything/Anything/tests/Anything.Application.UnitTests/Anything.Application.UnitTests.csproj]
/home/runner/work/Anything/Anything/tests/Anything.Application.UnitTests/Features/FoodPlans/FoodPlanHandlerTests.cs(44,27): error CS7036: There is no argument given that corresponds to the required parameter 'timeProvider' of 'AddFoodPlanEntryHandler.AddFoodPlanEntryHandler(IRepository<Recipe>, IRepository<FoodPlanEntry>, IHouseholdContext, IUnitOfWork, TimeProvider)' [/home/runner/work/Anything/Anything/tests/Anything.Application.UnitTests/Anything.Application.UnitTests.csproj]
/home/runner/work/Anything/Anything/tests/Anything.Application.UnitTests/Features/FoodPlans/FoodPlanHandlerTests.cs(56,27): error CS7036: There is no argument given that corresponds to the required parameter 'timeProvider' of 'AddFoodPlanEntryHandler.AddFoodPlanEntryHandler(IRepository<Recipe>, IRepository<FoodPlanEntry>, IHouseholdContext, IUnitOfWork, TimeProvider)' [/home/runner/work/Anything/Anything/tests/Anything.Application.UnitTests/Anything.Application.UnitTests.csproj]
/home/runner/work/Anything/Anything/tests/Anything.Application.UnitTests/Features/FoodPlans/FoodPlanHandlerTests.cs(67,27): error CS7036: There is no argument given that corresponds to the required parameter 'timeProvider' of 'AddFoodPlanEntryHandler.AddFoodPlanEntryHandler(IRepository<Recipe>, IRepository<FoodPlanEntry>, IHouseholdContext, IUnitOfWork, TimeProvider)' [/home/runner/work/Anything/Anything/tests/Anything.Application.UnitTests/Anything.Application.UnitTests.csproj]
/home/runner/work/Anything/Anything/tests/Anything.Application.UnitTests/Features/FoodPlans/FoodPlanHandlerTests.cs(83,27): error CS7036: There is no argument given that corresponds to the required parameter 'timeProvider' of 'AddFoodPlanEntryHandler.AddFoodPlanEntryHandler(IRepository<Recipe>, IRepository<FoodPlanEntry>, IHouseholdContext, IUnitOfWork, TimeProvider)' [/home/runner/work/Anything/Anything/tests/Anything.Application.UnitTests/Anything.Application.UnitTests.csproj]
/home/runner/work/Anything/Anything/tests/Anything.Application.UnitTests/Features/FoodPlans/AddFoodPlanToShoppingListHandlerTests.cs(25,9): error CS7036: There is no argument given that corresponds to the required parameter 'timeProvider' of 'AddFoodPlanToShoppingListHandler.AddFoodPlanToShoppingListHandler(IRepository<FoodPlanEntry>, IRepository<RecipeIngredient>, IRepository<ShoppingList>, IRepository<ShoppingListItem>, IRepository<ShoppingListRecommendation>, IHouseholdContext, IUnitOfWork, TimeProvider)' [/home/runner/work/Anything/Anything/tests/Anything.Application.UnitTests/Anything.Application.UnitTests.csproj]
/home/runner/work/Anything/Anything/tests/Anything.Application.UnitTests/Features/ShoppingLists/AddShoppingListItemHandlerTests.cs(22,9): error CS7036: There is no argument given that corresponds to the required parameter 'realtimeNotifier' of 'AddShoppingListItemHandler.AddShoppingListItemHandler(IRepository<ShoppingList>, IRepository<ShoppingListItem>, IRepository<ShoppingListRecommendation>, IHouseholdContext, IUnitOfWork, TimeProvider, IRealtimeNotifier)' [/home/runner/work/Anything/Anything/tests/Anything.Application.UnitTests/Anything.Application.UnitTests.csproj]
/home/runner/work/Anything/Anything/tests/Anything.Application.UnitTests/Features/Recommendations/RecommendationHandlerTests.cs(197,32): error CS7036: There is no argument given that corresponds to the required parameter 'householdContext' of 'GetApprovedRecommendationsHandler.GetApprovedRecommendationsHandler(IRepository<ShoppingListRecommendation>, IHouseholdContext)' [/home/runner/work/Anything/Anything/tests/Anything.Application.UnitTests/Anything.Application.UnitTests.csproj]
/home/runner/work/Anything/Anything/tests/Anything.Application.UnitTests/Features/Recommendations/RecommendationHandlerTests.cs(176,32): error CS7036: There is no argument given that corresponds to the required parameter 'householdContext' of 'GetPendingRecommendationsHandler.GetPendingRecommendationsHandler(IRepository<ShoppingListRecommendation>, IHouseholdContext)' [/home/runner/work/Anything/Anything/tests/Anything.Application.UnitTests/Anything.Application.UnitTests.csproj]
/home/runner/work/Anything/Anything/tests/Anything.Application.UnitTests/Features/Recommendations/RecommendationHandlerTests.cs(155,32): error CS7036: There is no argument given that corresponds to the required parameter 'householdContext' of 'GetAllRecommendationsHandler.GetAllRecommendationsHandler(IRepository<ShoppingListRecommendation>, IHouseholdContext)' [/home/runner/work/Anything/Anything/tests/Anything.Application.UnitTests/Anything.Application.UnitTests.csproj]
/home/runner/work/Anything/Anything/tests/Anything.Application.UnitTests/Features/Recommendations/RecommendationHandlerTests.cs(109,60): error CS7036: There is no argument given that corresponds to the required parameter 'timeProvider' of 'DeleteRecommendationHandler.DeleteRecommendationHandler(IRepository<ShoppingListRecommendation>, IHouseholdContext, IUnitOfWork, TimeProvider)' [/home/runner/work/Anything/Anything/tests/Anything.Application.UnitTests/Anything.Application.UnitTests.csproj]
/home/runner/work/Anything/Anything/tests/Anything.Application.UnitTests/Features/Recommendations/RecommendationHandlerTests.cs(72,61): error CS7036: There is no argument given that corresponds to the required parameter 'timeProvider' of 'ApproveRecommendationHandler.ApproveRecommendationHandler(IRepository<ShoppingListRecommendation>, IHouseholdContext, IUnitOfWork, TimeProvider)' [/home/runner/work/Anything/Anything/tests/Anything.Application.UnitTests/Anything.Application.UnitTests.csproj]
/home/runner/work/Anything/Anything/tests/Anything.Application.UnitTests/Features/Recommendations/RecommendationHandlerTests.cs(18,60): error CS7036: There is no argument given that corresponds to the required parameter 'timeProvider' of 'UpdateRecommendationHandler.UpdateRecommendationHandler(IRepository<ShoppingListRecommendation>, IHouseholdContext, IUnitOfWork, TimeProvider)' [/home/runner/work/Anything/Anything/tests/Anything.Application.UnitTests/Anything.Application.UnitTests.csproj]
/home/runner/work/Anything/Anything/tests/Anything.Application.UnitTests/Features/Inventory/InventoryHandlerTests.cs(363,32): error CS7036: There is no argument given that corresponds to the required parameter 'householdContext' of 'GetInventoryStorageUnitByIdHandler.GetInventoryStorageUnitByIdHandler(IRepository<InventoryStorageUnit>, IHouseholdContext)' [/home/runner/work/Anything/Anything/tests/Anything.Application.UnitTests/Anything.Application.UnitTests.csproj]
/home/runner/work/Anything/Anything/tests/Anything.Application.UnitTests/Features/Inventory/InventoryHandlerTests.cs(371,32): error CS7036: There is no argument given that corresponds to the required parameter 'householdContext' of 'GetInventoryStorageUnitByIdHandler.GetInventoryStorageUnitByIdHandler(IRepository<InventoryStorageUnit>, IHouseholdContext)' [/home/runner/work/Anything/Anything/tests/Anything.Application.UnitTests/Anything.Application.UnitTests.csproj]
/home/runner/work/Anything/Anything/tests/Anything.Application.UnitTests/Features/Recipes/RecipeHandlerTests.cs(702,9): error CS7036: There is no argument given that corresponds to the required parameter 'householdContext' of 'ReimportRecipeHandler.ReimportRecipeHandler(IRepository<Recipe>, IRepository<RecipeIngredient>, IRepository<RecipeStep>, IRepository<RecipeImage>, IRecipeParserService, IRecipeImageService, IUnitOfWork, TimeProvider, IHouseholdContext)' [/home/runner/work/Anything/Anything/tests/Anything.Application.UnitTests/Anything.Application.UnitTests.csproj]
/home/runner/work/Anything/Anything/tests/Anything.Application.UnitTests/Features/Inventory/InventoryHandlerTests.cs(348,32): error CS7036: There is no argument given that corresponds to the required parameter 'householdContext' of 'GetInventoryStorageUnitsHandler.GetInventoryStorageUnitsHandler(IRepository<InventoryStorageUnit>, IHouseholdContext)' [/home/runner/work/Anything/Anything/tests/Anything.Application.UnitTests/Anything.Application.UnitTests.csproj]
/home/runner/work/Anything/Anything/tests/Anything.Application.UnitTests/Features/Inventory/InventoryHandlerTests.cs(321,32): error CS7036: There is no argument given that corresponds to the required parameter 'householdContext' of 'GetInventoryItemByIdHandler.GetInventoryItemByIdHandler(IRepository<InventoryItem>, IHouseholdContext)' [/home/runner/work/Anything/Anything/tests/Anything.Application.UnitTests/Anything.Application.UnitTests.csproj]
/home/runner/work/Anything/Anything/tests/Anything.Application.UnitTests/Features/Inventory/InventoryHandlerTests.cs(329,32): error CS7036: There is no argument given that corresponds to the required parameter 'householdContext' of 'GetInventoryItemByIdHandler.GetInventoryItemByIdHandler(IRepository<InventoryItem>, IHouseholdContext)' [/home/runner/work/Anything/Anything/tests/Anything.Application.UnitTests/Anything.Application.UnitTests.csproj]
/home/runner/work/Anything/Anything/tests/Anything.Application.UnitTests/Features/Inventory/InventoryHandlerTests.cs(306,32): error CS7036: There is no argument given that corresponds to the required parameter 'householdContext' of 'GetInventoryItemsHandler.GetInventoryItemsHandler(IRepository<InventoryItem>, IHouseholdContext)' [/home/runner/work/Anything/Anything/tests/Anything.Application.UnitTests/Anything.Application.UnitTests.csproj]
/home/runner/work/Anything/Anything/tests/Anything.Application.UnitTests/Features/Inventory/InventoryHandlerTests.cs(279,32): error CS7036: There is no argument given that corresponds to the required parameter 'householdContext' of 'GetInventoryBoxByIdHandler.GetInventoryBoxByIdHandler(IRepository<InventoryBox>, IHouseholdContext)' [/home/runner/work/Anything/Anything/tests/Anything.Application.UnitTests/Anything.Application.UnitTests.csproj]
/home/runner/work/Anything/Anything/tests/Anything.Application.UnitTests/Features/Inventory/InventoryHandlerTests.cs(287,32): error CS7036: There is no argument given that corresponds to the required parameter 'householdContext' of 'GetInventoryBoxByIdHandler.GetInventoryBoxByIdHandler(IRepository<InventoryBox>, IHouseholdContext)' [/home/runner/work/Anything/Anything/tests/Anything.Application.UnitTests/Anything.Application.UnitTests.csproj]
/home/runner/work/Anything/Anything/tests/Anything.Application.UnitTests/Features/Inventory/InventoryHandlerTests.cs(264,32): error CS7036: There is no argument given that corresponds to the required parameter 'householdContext' of 'GetInventoryBoxesHandler.GetInventoryBoxesHandler(IRepository<InventoryBox>, IHouseholdContext)' [/home/runner/work/Anything/Anything/tests/Anything.Application.UnitTests/Anything.Application.UnitTests.csproj]
/home/runner/work/Anything/Anything/tests/Anything.Application.UnitTests/Features/Inventory/InventoryHandlerTests.cs(227,32): error CS7036: There is no argument given that corresponds to the required parameter 'timeProvider' of 'UpdateInventoryStorageUnitHandler.UpdateInventoryStorageUnitHandler(IRepository<InventoryStorageUnit>, IHouseholdContext, IUnitOfWork, TimeProvider)' [/home/runner/work/Anything/Anything/tests/Anything.Application.UnitTests/Anything.Application.UnitTests.csproj]
/home/runner/work/Anything/Anything/tests/Anything.Application.UnitTests/Features/Inventory/InventoryHandlerTests.cs(240,32): error CS7036: There is no argument given that corresponds to the required parameter 'timeProvider' of 'UpdateInventoryStorageUnitHandler.UpdateInventoryStorageUnitHandler(IRepository<InventoryStorageUnit>, IHouseholdContext, IUnitOfWork, TimeProvider)' [/home/runner/work/Anything/Anything/tests/Anything.Application.UnitTests/Anything.Application.UnitTests.csproj]
/home/runner/work/Anything/Anything/tests/Anything.Application.UnitTests/Features/Inventory/InventoryHandlerTests.cs(201,27): error CS7036: There is no argument given that corresponds to the required parameter 'timeProvider' of 'CreateInventoryStorageUnitHandler.CreateInventoryStorageUnitHandler(IRepository<InventoryStorageUnit>, IHouseholdContext, IUnitOfWork, TimeProvider)' [/home/runner/work/Anything/Anything/tests/Anything.Application.UnitTests/Anything.Application.UnitTests.csproj]
/home/runner/work/Anything/Anything/tests/Anything.Application.UnitTests/Features/Inventory/InventoryHandlerTests.cs(167,32): error CS7036: There is no argument given that corresponds to the required parameter 'timeProvider' of 'DeleteInventoryItemHandler.DeleteInventoryItemHandler(IRepository<InventoryItem>, IHouseholdContext, IUnitOfWork, TimeProvider)' [/home/runner/work/Anything/Anything/tests/Anything.Application.UnitTests/Anything.Application.UnitTests.csproj]
/home/runner/work/Anything/Anything/tests/Anything.Application.UnitTests/Features/Inventory/InventoryHandlerTests.cs(179,32): error CS7036: There is no argument given that corresponds to the required parameter 'timeProvider' of 'DeleteInventoryItemHandler.DeleteInventoryItemHandler(IRepository<InventoryItem>, IHouseholdContext, IUnitOfWork, TimeProvider)' [/home/runner/work/Anything/Anything/tests/Anything.Application.UnitTests/Anything.Application.UnitTests.csproj]
/home/runner/work/Anything/Anything/tests/Anything.Application.UnitTests/Features/Inventory/InventoryHandlerTests.cs(128,32): error CS7036: There is no argument given that corresponds to the required parameter 'timeProvider' of 'UpdateInventoryItemHandler.UpdateInventoryItemHandler(IRepository<InventoryItem>, IRepository<InventoryBox>, IRepository<InventoryStorageUnit>, IHouseholdContext, IUnitOfWork, TimeProvider)' [/home/runner/work/Anything/Anything/tests/Anything.Application.UnitTests/Anything.Application.UnitTests.csproj]
/home/runner/work/Anything/Anything/tests/Anything.Application.UnitTests/Features/Inventory/InventoryHandlerTests.cs(141,32): error CS7036: There is no argument given that corresponds to the required parameter 'timeProvider' of 'UpdateInventoryItemHandler.UpdateInventoryItemHandler(IRepository<InventoryItem>, IRepository<InventoryBox>, IRepository<InventoryStorageUnit>, IHouseholdContext, IUnitOfWork, TimeProvider)' [/home/runner/work/Anything/Anything/tests/Anything.Application.UnitTests/Anything.Application.UnitTests.csproj]
/home/runner/work/Anything/Anything/tests/Anything.Application.UnitTests/Features/Inventory/InventoryHandlerTests.cs(76,32): error CS7036: There is no argument given that corresponds to the required parameter 'timeProvider' of 'UpdateInventoryBoxHandler.UpdateInventoryBoxHandler(IRepository<InventoryBox>, IRepository<InventoryStorageUnit>, IHouseholdContext, IUnitOfWork, TimeProvider)' [/home/runner/work/Anything/Anything/tests/Anything.Application.UnitTests/Anything.Application.UnitTests.csproj]
/home/runner/work/Anything/Anything/tests/Anything.Application.UnitTests/Features/Locations/LocationHandlerTests.cs(243,27): error CS7036: There is no argument given that corresponds to the required parameter 'householdContext' of 'GetLocationByIdHandler.GetLocationByIdHandler(IRepository<Location>, IHouseholdContext)' [/home/runner/work/Anything/Anything/tests/Anything.Application.UnitTests/Anything.Application.UnitTests.csproj]
/home/runner/work/Anything/Anything/tests/Anything.Application.UnitTests/Features/Locations/LocationHandlerTests.cs(254,27): error CS7036: There is no argument given that corresponds to the required parameter 'householdContext' of 'GetLocationByIdHandler.GetLocationByIdHandler(IRepository<Location>, IHouseholdContext)' [/home/runner/work/Anything/Anything/tests/Anything.Application.UnitTests/Anything.Application.UnitTests.csproj]
/home/runner/work/Anything/Anything/tests/Anything.Application.UnitTests/Features/Locations/LocationHandlerTests.cs(266,27): error CS7036: There is no argument given that corresponds to the required parameter 'householdContext' of 'GetLocationByIdHandler.GetLocationByIdHandler(IRepository<Location>, IHouseholdContext)' [/home/runner/work/Anything/Anything/tests/Anything.Application.UnitTests/Anything.Application.UnitTests.csproj]
/home/runner/work/Anything/Anything/tests/Anything.Application.UnitTests/Features/Inventory/InventoryHandlerTests.cs(87,32): error CS7036: There is no argument given that corresponds to the required parameter 'timeProvider' of 'UpdateInventoryBoxHandler.UpdateInventoryBoxHandler(IRepository<InventoryBox>, IRepository<InventoryStorageUnit>, IHouseholdContext, IUnitOfWork, TimeProvider)' [/home/runner/work/Anything/Anything/tests/Anything.Application.UnitTests/Anything.Application.UnitTests.csproj]
/home/runner/work/Anything/Anything/tests/Anything.Application.UnitTests/Features/Locations/LocationHandlerTests.cs(279,27): error CS7036: There is no argument given that corresponds to the required parameter 'householdContext' of 'GetLocationByIdHandler.GetLocationByIdHandler(IRepository<Location>, IHouseholdContext)' [/home/runner/work/Anything/Anything/tests/Anything.Application.UnitTests/Anything.Application.UnitTests.csproj]
/home/runner/work/Anything/Anything/tests/Anything.Application.UnitTests/Features/Locations/LocationHandlerTests.cs(197,27): error CS7036: There is no argument given that corresponds to the required parameter 'householdContext' of 'GetLocationsHandler.GetLocationsHandler(IRepository<Location>, IHouseholdContext)' [/home/runner/work/Anything/Anything/tests/Anything.Application.UnitTests/Anything.Application.UnitTests.csproj]
/home/runner/work/Anything/Anything/tests/Anything.Application.UnitTests/Features/Locations/LocationHandlerTests.cs(212,27): error CS7036: There is no argument given that corresponds to the required parameter 'householdContext' of 'GetLocationsHandler.GetLocationsHandler(IRepository<Location>, IHouseholdContext)' [/home/runner/work/Anything/Anything/tests/Anything.Application.UnitTests/Anything.Application.UnitTests.csproj]
/home/runner/work/Anything/Anything/tests/Anything.Application.UnitTests/Features/Inventory/InventoryHandlerTests.cs(101,32): error CS7036: There is no argument given that corresponds to the required parameter 'timeProvider' of 'UpdateInventoryBoxHandler.UpdateInventoryBoxHandler(IRepository<InventoryBox>, IRepository<InventoryStorageUnit>, IHouseholdContext, IUnitOfWork, TimeProvider)' [/home/runner/work/Anything/Anything/tests/Anything.Application.UnitTests/Anything.Application.UnitTests.csproj]
/home/runner/work/Anything/Anything/tests/Anything.Application.UnitTests/Features/Locations/LocationHandlerTests.cs(228,27): error CS7036: There is no argument given that corresponds to the required parameter 'householdContext' of 'GetLocationsHandler.GetLocationsHandler(IRepository<Location>, IHouseholdContext)' [/home/runner/work/Anything/Anything/tests/Anything.Application.UnitTests/Anything.Application.UnitTests.csproj]
/home/runner/work/Anything/Anything/tests/Anything.Application.UnitTests/Features/Inventory/InventoryHandlerTests.cs(27,27): error CS7036: There is no argument given that corresponds to the required parameter 'timeProvider' of 'CreateInventoryBoxHandler.CreateInventoryBoxHandler(IRepository<InventoryBox>, IRepository<InventoryStorageUnit>, IHouseholdContext, IUnitOfWork, TimeProvider)' [/home/runner/work/Anything/Anything/tests/Anything.Application.UnitTests/Anything.Application.UnitTests.csproj]
/home/runner/work/Anything/Anything/tests/Anything.Application.UnitTests/Features/Inventory/InventoryHandlerTests.cs(40,27): error CS7036: There is no argument given that corresponds to the required parameter 'timeProvider' of 'CreateInventoryBoxHandler.CreateInventoryBoxHandler(IRepository<InventoryBox>, IRepository<InventoryStorageUnit>, IHouseholdContext, IUnitOfWork, TimeProvider)' [/home/runner/work/Anything/Anything/tests/Anything.Application.UnitTests/Anything.Application.UnitTests.csproj]
/home/runner/work/Anything/Anything/tests/Anything.Application.UnitTests/Features/Locations/LocationHandlerTests.cs(138,27): error CS7036: There is no argument given that corresponds to the required parameter 'timeProvider' of 'DeleteLocationHandler.DeleteLocationHandler(IRepository<Location>, IHouseholdContext, IUnitOfWork, TimeProvider)' [/home/runner/work/Anything/Anything/tests/Anything.Application.UnitTests/Anything.Application.UnitTests.csproj]
/home/runner/work/Anything/Anything/tests/Anything.Application.UnitTests/Features/Locations/LocationHandlerTests.cs(149,27): error CS7036: There is no argument given that corresponds to the required parameter 'timeProvider' of 'DeleteLocationHandler.DeleteLocationHandler(IRepository<Location>, IHouseholdContext, IUnitOfWork, TimeProvider)' [/home/runner/work/Anything/Anything/tests/Anything.Application.UnitTests/Anything.Application.UnitTests.csproj]
/home/runner/work/Anything/Anything/tests/Anything.Application.UnitTests/Features/Recipes/RecipeHandlerTests.cs(662,32): error CS7036: There is no argument given that corresponds to the required parameter 'householdContext' of 'GetRecipeTagsHandler.GetRecipeTagsHandler(IRepository<Recipe>, IRepository<RecipeTag>, IHouseholdContext)' [/home/runner/work/Anything/Anything/tests/Anything.Application.UnitTests/Anything.Application.UnitTests.csproj]
/home/runner/work/Anything/Anything/tests/Anything.Application.UnitTests/Features/Inventory/InventoryHandlerTests.cs(51,27): error CS7036: There is no argument given that corresponds to the required parameter 'timeProvider' of 'CreateInventoryBoxHandler.CreateInventoryBoxHandler(IRepository<InventoryBox>, IRepository<InventoryStorageUnit>, IHouseholdContext, IUnitOfWork, TimeProvider)' [/home/runner/work/Anything/Anything/tests/Anything.Application.UnitTests/Anything.Application.UnitTests.csproj]
/home/runner/work/Anything/Anything/tests/Anything.Application.UnitTests/Features/Locations/LocationHandlerTests.cs(163,27): error CS7036: There is no argument given that corresponds to the required parameter 'timeProvider' of 'DeleteLocationHandler.DeleteLocationHandler(IRepository<Location>, IHouseholdContext, IUnitOfWork, TimeProvider)' [/home/runner/work/Anything/Anything/tests/Anything.Application.UnitTests/Anything.Application.UnitTests.csproj]
/home/runner/work/Anything/Anything/tests/Anything.Application.UnitTests/Features/Inventory/DeleteInventoryStorageUnitHandlerTests.cs(20,9): error CS7036: There is no argument given that corresponds to the required parameter 'timeProvider' of 'DeleteInventoryStorageUnitHandler.DeleteInventoryStorageUnitHandler(IRepository<InventoryStorageUnit>, IRepository<InventoryBox>, IRepository<InventoryItem>, IHouseholdContext, IUnitOfWork, TimeProvider)' [/home/runner/work/Anything/Anything/tests/Anything.Application.UnitTests/Anything.Application.UnitTests.csproj]
/home/runner/work/Anything/Anything/tests/Anything.Application.UnitTests/Features/Locations/LocationHandlerTests.cs(176,27): error CS7036: There is no argument given that corresponds to the required parameter 'timeProvider' of 'DeleteLocationHandler.DeleteLocationHandler(IRepository<Location>, IHouseholdContext, IUnitOfWork, TimeProvider)' [/home/runner/work/Anything/Anything/tests/Anything.Application.UnitTests/Anything.Application.UnitTests.csproj]
/home/runner/work/Anything/Anything/tests/Anything.Application.UnitTests/Features/Locations/LocationHandlerTests.cs(75,27): error CS7036: There is no argument given that corresponds to the required parameter 'timeProvider' of 'UpdateLocationHandler.UpdateLocationHandler(IRepository<Location>, IHouseholdContext, IUnitOfWork, TimeProvider)' [/home/runner/work/Anything/Anything/tests/Anything.Application.UnitTests/Anything.Application.UnitTests.csproj]
/home/runner/work/Anything/Anything/tests/Anything.Application.UnitTests/Features/Locations/LocationHandlerTests.cs(86,27): error CS7036: There is no argument given that corresponds to the required parameter 'timeProvider' of 'UpdateLocationHandler.UpdateLocationHandler(IRepository<Location>, IHouseholdContext, IUnitOfWork, TimeProvider)' [/home/runner/work/Anything/Anything/tests/Anything.Application.UnitTests/Anything.Application.UnitTests.csproj]
/home/runner/work/Anything/Anything/tests/Anything.Application.UnitTests/Features/Recipes/RecipeHandlerTests.cs(675,32): error CS7036: There is no argument given that corresponds to the required parameter 'householdContext' of 'GetRecipeTagsHandler.GetRecipeTagsHandler(IRepository<Recipe>, IRepository<RecipeTag>, IHouseholdContext)' [/home/runner/work/Anything/Anything/tests/Anything.Application.UnitTests/Anything.Application.UnitTests.csproj]
/home/runner/work/Anything/Anything/tests/Anything.Application.UnitTests/Features/Locations/LocationHandlerTests.cs(100,27): error CS7036: There is no argument given that corresponds to the required parameter 'timeProvider' of 'UpdateLocationHandler.UpdateLocationHandler(IRepository<Location>, IHouseholdContext, IUnitOfWork, TimeProvider)' [/home/runner/work/Anything/Anything/tests/Anything.Application.UnitTests/Anything.Application.UnitTests.csproj]
/home/runner/work/Anything/Anything/tests/Anything.Application.UnitTests/Features/Recipes/RecipeHandlerTests.cs(633,32): error CS7036: There is no argument given that corresponds to the required parameter 'householdContext' of 'GetRecipeStepsHandler.GetRecipeStepsHandler(IRepository<Recipe>, IRepository<RecipeStep>, IHouseholdContext)' [/home/runner/work/Anything/Anything/tests/Anything.Application.UnitTests/Anything.Application.UnitTests.csproj]
/home/runner/work/Anything/Anything/tests/Anything.Application.UnitTests/Features/Locations/LocationHandlerTests.cs(115,27): error CS7036: There is no argument given that corresponds to the required parameter 'timeProvider' of 'UpdateLocationHandler.UpdateLocationHandler(IRepository<Location>, IHouseholdContext, IUnitOfWork, TimeProvider)' [/home/runner/work/Anything/Anything/tests/Anything.Application.UnitTests/Anything.Application.UnitTests.csproj]
/home/runner/work/Anything/Anything/tests/Anything.Application.UnitTests/Features/Locations/LocationHandlerTests.cs(26,27): error CS7036: There is no argument given that corresponds to the required parameter 'timeProvider' of 'CreateLocationHandler.CreateLocationHandler(IRepository<Location>, IHouseholdContext, IUnitOfWork, TimeProvider)' [/home/runner/work/Anything/Anything/tests/Anything.Application.UnitTests/Anything.Application.UnitTests.csproj]
/home/runner/work/Anything/Anything/tests/Anything.Application.UnitTests/Features/Recipes/RecipeHandlerTests.cs(646,32): error CS7036: There is no argument given that corresponds to the required parameter 'householdContext' of 'GetRecipeStepsHandler.GetRecipeStepsHandler(IRepository<Recipe>, IRepository<RecipeStep>, IHouseholdContext)' [/home/runner/work/Anything/Anything/tests/Anything.Application.UnitTests/Anything.Application.UnitTests.csproj]
/home/runner/work/Anything/Anything/tests/Anything.Application.UnitTests/Features/Locations/LocationHandlerTests.cs(41,27): error CS7036: There is no argument given that corresponds to the required parameter 'timeProvider' of 'CreateLocationHandler.CreateLocationHandler(IRepository<Location>, IHouseholdContext, IUnitOfWork, TimeProvider)' [/home/runner/work/Anything/Anything/tests/Anything.Application.UnitTests/Anything.Application.UnitTests.csproj]
/home/runner/work/Anything/Anything/tests/Anything.Application.UnitTests/Features/Locations/LocationHandlerTests.cs(51,27): error CS7036: There is no argument given that corresponds to the required parameter 'timeProvider' of 'CreateLocationHandler.CreateLocationHandler(IRepository<Location>, IHouseholdContext, IUnitOfWork, TimeProvider)' [/home/runner/work/Anything/Anything/tests/Anything.Application.UnitTests/Anything.Application.UnitTests.csproj]
/home/runner/work/Anything/Anything/tests/Anything.Application.UnitTests/Features/Inventory/CreateInventoryItemHandlerTests.cs(20,9): error CS7036: There is no argument given that corresponds to the required parameter 'timeProvider' of 'CreateInventoryItemHandler.CreateInventoryItemHandler(IRepository<InventoryItem>, IRepository<InventoryBox>, IRepository<InventoryStorageUnit>, IHouseholdContext, IUnitOfWork, TimeProvider)' [/home/runner/work/Anything/Anything/tests/Anything.Application.UnitTests/Anything.Application.UnitTests.csproj]
/home/runner/work/Anything/Anything/tests/Anything.Application.UnitTests/Features/Recipes/RecipeHandlerTests.cs(600,32): error CS7036: There is no argument given that corresponds to the required parameter 'householdContext' of 'GetRecipeIngredientsHandler.GetRecipeIngredientsHandler(IRepository<Recipe>, IRepository<RecipeIngredient>, IHouseholdContext)' [/home/runner/work/Anything/Anything/tests/Anything.Application.UnitTests/Anything.Application.UnitTests.csproj]
/home/runner/work/Anything/Anything/tests/Anything.Application.UnitTests/Features/Recipes/RecipeHandlerTests.cs(615,32): error CS7036: There is no argument given that corresponds to the required parameter 'householdContext' of 'GetRecipeIngredientsHandler.GetRecipeIngredientsHandler(IRepository<Recipe>, IRepository<RecipeIngredient>, IHouseholdContext)' [/home/runner/work/Anything/Anything/tests/Anything.Application.UnitTests/Anything.Application.UnitTests.csproj]
/home/runner/work/Anything/Anything/tests/Anything.Application.UnitTests/Features/Recipes/RecipeHandlerTests.cs(570,32): error CS7036: There is no argument given that corresponds to the required parameter 'unitOfWork' of 'DeleteRecipeTagHandler.DeleteRecipeTagHandler(IRepository<Recipe>, IRepository<RecipeTag>, IHouseholdContext, IUnitOfWork, TimeProvider)' [/home/runner/work/Anything/Anything/tests/Anything.Application.UnitTests/Anything.Application.UnitTests.csproj]
/home/runner/work/Anything/Anything/tests/Anything.Application.UnitTests/Features/Recipes/RecipeHandlerTests.cs(583,32): error CS7036: There is no argument given that corresponds to the required parameter 'unitOfWork' of 'DeleteRecipeTagHandler.DeleteRecipeTagHandler(IRepository<Recipe>, IRepository<RecipeTag>, IHouseholdContext, IUnitOfWork, TimeProvider)' [/home/runner/work/Anything/Anything/tests/Anything.Application.UnitTests/Anything.Application.UnitTests.csproj]
/home/runner/work/Anything/Anything/tests/Anything.Application.UnitTests/Features/Recipes/AddRecipeToShoppingListHandlerTests.cs(23,9): error CS7036: There is no argument given that corresponds to the required parameter 'timeProvider' of 'AddRecipeToShoppingListHandler.AddRecipeToShoppingListHandler(IRepository<Recipe>, IRepository<RecipeIngredient>, IRepository<ShoppingList>, IRepository<ShoppingListItem>, IRepository<ShoppingListRecommendation>, IHouseholdContext, IUnitOfWork, TimeProvider)' [/home/runner/work/Anything/Anything/tests/Anything.Application.UnitTests/Anything.Application.UnitTests.csproj]
/home/runner/work/Anything/Anything/tests/Anything.Application.UnitTests/Features/Recipes/RecipeHandlerTests.cs(538,32): error CS7036: There is no argument given that corresponds to the required parameter 'householdContext' of 'AddRecipeTagHandler.AddRecipeTagHandler(IRepository<Recipe>, IRepository<RecipeTag>, IUnitOfWork, TimeProvider, IHouseholdContext)' [/home/runner/work/Anything/Anything/tests/Anything.Application.UnitTests/Anything.Application.UnitTests.csproj]
/home/runner/work/Anything/Anything/tests/Anything.Application.UnitTests/Features/Recipes/RecipeHandlerTests.cs(547,32): error CS7036: There is no argument given that corresponds to the required parameter 'householdContext' of 'AddRecipeTagHandler.AddRecipeTagHandler(IRepository<Recipe>, IRepository<RecipeTag>, IUnitOfWork, TimeProvider, IHouseholdContext)' [/home/runner/work/Anything/Anything/tests/Anything.Application.UnitTests/Anything.Application.UnitTests.csproj]
/home/runner/work/Anything/Anything/tests/Anything.Application.UnitTests/Features/Recipes/RecipeHandlerTests.cs(501,32): error CS7036: There is no argument given that corresponds to the required parameter 'unitOfWork' of 'DeleteRecipeStepHandler.DeleteRecipeStepHandler(IRepository<Recipe>, IRepository<RecipeStep>, IHouseholdContext, IUnitOfWork, TimeProvider)' [/home/runner/work/Anything/Anything/tests/Anything.Application.UnitTests/Anything.Application.UnitTests.csproj]
/home/runner/work/Anything/Anything/tests/Anything.Application.UnitTests/Features/Recipes/RecipeHandlerTests.cs(514,32): error CS7036: There is no argument given that corresponds to the required parameter 'unitOfWork' of 'DeleteRecipeStepHandler.DeleteRecipeStepHandler(IRepository<Recipe>, IRepository<RecipeStep>, IHouseholdContext, IUnitOfWork, TimeProvider)' [/home/runner/work/Anything/Anything/tests/Anything.Application.UnitTests/Anything.Application.UnitTests.csproj]
/home/runner/work/Anything/Anything/tests/Anything.Application.UnitTests/Features/Inventory/DeleteInventoryBoxHandlerTests.cs(19,9): error CS7036: There is no argument given that corresponds to the required parameter 'timeProvider' of 'DeleteInventoryBoxHandler.DeleteInventoryBoxHandler(IRepository<InventoryBox>, IRepository<InventoryItem>, IHouseholdContext, IUnitOfWork, TimeProvider)' [/home/runner/work/Anything/Anything/tests/Anything.Application.UnitTests/Anything.Application.UnitTests.csproj]
/home/runner/work/Anything/Anything/tests/Anything.Application.UnitTests/Features/Recipes/RecipeHandlerTests.cs(457,32): error CS7036: There is no argument given that corresponds to the required parameter 'unitOfWork' of 'UpdateRecipeStepHandler.UpdateRecipeStepHandler(IRepository<Recipe>, IRepository<RecipeStep>, IHouseholdContext, IUnitOfWork, TimeProvider)' [/home/runner/work/Anything/Anything/tests/Anything.Application.UnitTests/Anything.Application.UnitTests.csproj]
/home/runner/work/Anything/Anything/tests/Anything.Application.UnitTests/Features/Recipes/RecipeHandlerTests.cs(466,32): error CS7036: There is no argument given that corresponds to the required parameter 'unitOfWork' of 'UpdateRecipeStepHandler.UpdateRecipeStepHandler(IRepository<Recipe>, IRepository<RecipeStep>, IHouseholdContext, IUnitOfWork, TimeProvider)' [/home/runner/work/Anything/Anything/tests/Anything.Application.UnitTests/Anything.Application.UnitTests.csproj]
/home/runner/work/Anything/Anything/tests/Anything.Application.UnitTests/Features/Recipes/RecipeHandlerTests.cs(477,32): error CS7036: There is no argument given that corresponds to the required parameter 'unitOfWork' of 'UpdateRecipeStepHandler.UpdateRecipeStepHandler(IRepository<Recipe>, IRepository<RecipeStep>, IHouseholdContext, IUnitOfWork, TimeProvider)' [/home/runner/work/Anything/Anything/tests/Anything.Application.UnitTests/Anything.Application.UnitTests.csproj]
/home/runner/work/Anything/Anything/tests/Anything.Application.UnitTests/Features/Recipes/RecipeHandlerTests.cs(425,32): error CS7036: There is no argument given that corresponds to the required parameter 'householdContext' of 'AddRecipeStepHandler.AddRecipeStepHandler(IRepository<Recipe>, IRepository<RecipeStep>, IUnitOfWork, TimeProvider, IHouseholdContext)' [/home/runner/work/Anything/Anything/tests/Anything.Application.UnitTests/Anything.Application.UnitTests.csproj]
/home/runner/work/Anything/Anything/tests/Anything.Application.UnitTests/Features/Recipes/RecipeHandlerTests.cs(434,32): error CS7036: There is no argument given that corresponds to the required parameter 'householdContext' of 'AddRecipeStepHandler.AddRecipeStepHandler(IRepository<Recipe>, IRepository<RecipeStep>, IUnitOfWork, TimeProvider, IHouseholdContext)' [/home/runner/work/Anything/Anything/tests/Anything.Application.UnitTests/Anything.Application.UnitTests.csproj]
/home/runner/work/Anything/Anything/tests/Anything.Application.UnitTests/Features/Recipes/RecipeHandlerTests.cs(388,32): error CS7036: There is no argument given that corresponds to the required parameter 'unitOfWork' of 'DeleteRecipeIngredientHandler.DeleteRecipeIngredientHandler(IRepository<Recipe>, IRepository<RecipeIngredient>, IHouseholdContext, IUnitOfWork, TimeProvider)' [/home/runner/work/Anything/Anything/tests/Anything.Application.UnitTests/Anything.Application.UnitTests.csproj]
/home/runner/work/Anything/Anything/tests/Anything.Application.UnitTests/Features/Recipes/RecipeHandlerTests.cs(401,32): error CS7036: There is no argument given that corresponds to the required parameter 'unitOfWork' of 'DeleteRecipeIngredientHandler.DeleteRecipeIngredientHandler(IRepository<Recipe>, IRepository<RecipeIngredient>, IHouseholdContext, IUnitOfWork, TimeProvider)' [/home/runner/work/Anything/Anything/tests/Anything.Application.UnitTests/Anything.Application.UnitTests.csproj]
/home/runner/work/Anything/Anything/tests/Anything.Application.UnitTests/Features/Recipes/RecipeHandlerTests.cs(340,32): error CS7036: There is no argument given that corresponds to the required parameter 'unitOfWork' of 'UpdateRecipeIngredientHandler.UpdateRecipeIngredientHandler(IRepository<Recipe>, IRepository<RecipeIngredient>, IHouseholdContext, IUnitOfWork, TimeProvider)' [/home/runner/work/Anything/Anything/tests/Anything.Application.UnitTests/Anything.Application.UnitTests.csproj]
/home/runner/work/Anything/Anything/tests/Anything.Application.UnitTests/Features/Recipes/RecipeHandlerTests.cs(349,32): error CS7036: There is no argument given that corresponds to the required parameter 'unitOfWork' of 'UpdateRecipeIngredientHandler.UpdateRecipeIngredientHandler(IRepository<Recipe>, IRepository<RecipeIngredient>, IHouseholdContext, IUnitOfWork, TimeProvider)' [/home/runner/work/Anything/Anything/tests/Anything.Application.UnitTests/Anything.Application.UnitTests.csproj]
/home/runner/work/Anything/Anything/tests/Anything.Application.UnitTests/Features/Recipes/RecipeHandlerTests.cs(362,32): error CS7036: There is no argument given that corresponds to the required parameter 'unitOfWork' of 'UpdateRecipeIngredientHandler.UpdateRecipeIngredientHandler(IRepository<Recipe>, IRepository<RecipeIngredient>, IHouseholdContext, IUnitOfWork, TimeProvider)' [/home/runner/work/Anything/Anything/tests/Anything.Application.UnitTests/Anything.Application.UnitTests.csproj]
/home/runner/work/Anything/Anything/tests/Anything.Application.UnitTests/Features/Recipes/RecipeHandlerTests.cs(303,27): error CS7036: There is no argument given that corresponds to the required parameter 'householdContext' of 'AddRecipeIngredientHandler.AddRecipeIngredientHandler(IRepository<Recipe>, IRepository<RecipeIngredient>, IUnitOfWork, TimeProvider, IHouseholdContext)' [/home/runner/work/Anything/Anything/tests/Anything.Application.UnitTests/Anything.Application.UnitTests.csproj]
/home/runner/work/Anything/Anything/tests/Anything.Application.UnitTests/Features/Recipes/RecipeHandlerTests.cs(314,27): error CS7036: There is no argument given that corresponds to the required parameter 'householdContext' of 'AddRecipeIngredientHandler.AddRecipeIngredientHandler(IRepository<Recipe>, IRepository<RecipeIngredient>, IUnitOfWork, TimeProvider, IHouseholdContext)' [/home/runner/work/Anything/Anything/tests/Anything.Application.UnitTests/Anything.Application.UnitTests.csproj]
/home/runner/work/Anything/Anything/tests/Anything.Application.UnitTests/Features/Recipes/RecipeHandlerTests.cs(29,27): error CS7036: There is no argument given that corresponds to the required parameter 'householdContext' of 'CreateRecipeHandler.CreateRecipeHandler(IRepository<Recipe>, IUnitOfWork, TimeProvider, IHouseholdContext)' [/home/runner/work/Anything/Anything/tests/Anything.Application.UnitTests/Anything.Application.UnitTests.csproj]
/home/runner/work/Anything/Anything/tests/Anything.Application.UnitTests/Features/Recipes/RecipeHandlerTests.cs(270,32): error CS7036: There is no argument given that corresponds to the required parameter 'householdContext' of 'GetRecipeByIdHandler.GetRecipeByIdHandler(IRepository<Recipe>, IHouseholdContext)' [/home/runner/work/Anything/Anything/tests/Anything.Application.UnitTests/Anything.Application.UnitTests.csproj]
/home/runner/work/Anything/Anything/tests/Anything.Application.UnitTests/Features/Recipes/RecipeHandlerTests.cs(44,27): error CS7036: There is no argument given that corresponds to the required parameter 'householdContext' of 'CreateRecipeHandler.CreateRecipeHandler(IRepository<Recipe>, IUnitOfWork, TimeProvider, IHouseholdContext)' [/home/runner/work/Anything/Anything/tests/Anything.Application.UnitTests/Anything.Application.UnitTests.csproj]
/home/runner/work/Anything/Anything/tests/Anything.Application.UnitTests/Features/Recipes/RecipeHandlerTests.cs(280,32): error CS7036: There is no argument given that corresponds to the required parameter 'householdContext' of 'GetRecipeByIdHandler.GetRecipeByIdHandler(IRepository<Recipe>, IHouseholdContext)' [/home/runner/work/Anything/Anything/tests/Anything.Application.UnitTests/Anything.Application.UnitTests.csproj]
/home/runner/work/Anything/Anything/tests/Anything.Application.UnitTests/Features/Recipes/RecipeHandlerTests.cs(255,32): error CS7036: There is no argument given that corresponds to the required parameter 'householdContext' of 'GetRecipesHandler.GetRecipesHandler(IRepository<Recipe>, IRepository<RecipeTag>, IRepository<RecipeIngredient>, IHouseholdContext)' [/home/runner/work/Anything/Anything/tests/Anything.Application.UnitTests/Anything.Application.UnitTests.csproj]
/home/runner/work/Anything/Anything/tests/Anything.Application.UnitTests/Features/Recipes/RecipeHandlerTests.cs(161,9): error CS7036: There is no argument given that corresponds to the required parameter 'householdContext' of 'ImportRecipeHandler.ImportRecipeHandler(IRepository<Recipe>, IRepository<RecipeIngredient>, IRepository<RecipeStep>, IRepository<RecipeImage>, IRecipeImageService, IUnitOfWork, TimeProvider, IHouseholdContext)' [/home/runner/work/Anything/Anything/tests/Anything.Application.UnitTests/Anything.Application.UnitTests.csproj]
/home/runner/work/Anything/Anything/tests/Anything.Application.UnitTests/Features/Recipes/RecipeHandlerTests.cs(130,32): error CS7036: There is no argument given that corresponds to the required parameter 'householdContext' of 'DeleteRecipeHandler.DeleteRecipeHandler(IRepository<Recipe>, IUnitOfWork, TimeProvider, IHouseholdContext)' [/home/runner/work/Anything/Anything/tests/Anything.Application.UnitTests/Anything.Application.UnitTests.csproj]
/home/runner/work/Anything/Anything/tests/Anything.Application.UnitTests/Features/Recipes/RecipeHandlerTests.cs(142,32): error CS7036: There is no argument given that corresponds to the required parameter 'householdContext' of 'DeleteRecipeHandler.DeleteRecipeHandler(IRepository<Recipe>, IUnitOfWork, TimeProvider, IHouseholdContext)' [/home/runner/work/Anything/Anything/tests/Anything.Application.UnitTests/Anything.Application.UnitTests.csproj]
/home/runner/work/Anything/Anything/tests/Anything.Application.UnitTests/Features/Recipes/RecipeHandlerTests.cs(69,32): error CS7036: There is no argument given that corresponds to the required parameter 'householdContext' of 'UpdateRecipeHandler.UpdateRecipeHandler(IRepository<Recipe>, IUnitOfWork, TimeProvider, IHouseholdContext)' [/home/runner/work/Anything/Anything/tests/Anything.Application.UnitTests/Anything.Application.UnitTests.csproj]
/home/runner/work/Anything/Anything/tests/Anything.Application.UnitTests/Features/Recipes/RecipeHandlerTests.cs(77,32): error CS7036: There is no argument given that corresponds to the required parameter 'householdContext' of 'UpdateRecipeHandler.UpdateRecipeHandler(IRepository<Recipe>, IUnitOfWork, TimeProvider, IHouseholdContext)' [/home/runner/work/Anything/Anything/tests/Anything.Application.UnitTests/Anything.Application.UnitTests.csproj]
/home/runner/work/Anything/Anything/tests/Anything.Application.UnitTests/Features/Recipes/RecipeHandlerTests.cs(89,32): error CS7036: There is no argument given that corresponds to the required parameter 'householdContext' of 'UpdateRecipeHandler.UpdateRecipeHandler(IRepository<Recipe>, IUnitOfWork, TimeProvider, IHouseholdContext)' [/home/runner/work/Anything/Anything/tests/Anything.Application.UnitTests/Anything.Application.UnitTests.csproj]
/home/runner/work/Anything/Anything/tests/Anything.Application.UnitTests/Features/Recipes/RecipeHandlerTests.cs(106,19): error CS7036: There is no argument given that corresponds to the required parameter 'householdContext' of 'UpdateRecipeHandler.UpdateRecipeHandler(IRepository<Recipe>, IUnitOfWork, TimeProvider, IHouseholdContext)' [/home/runner/work/Anything/Anything/tests/Anything.Application.UnitTests/Anything.Application.UnitTests.csproj]
/home/runner/work/Anything/Anything/tests/Anything.Application.UnitTests/Features/Vendors/VendorHandlerTests.cs(256,27): error CS7036: There is no argument given that corresponds to the required parameter 'householdContext' of 'GetVendorByIdHandler.GetVendorByIdHandler(IRepository<Vendor>, IHouseholdContext)' [/home/runner/work/Anything/Anything/tests/Anything.Application.UnitTests/Anything.Application.UnitTests.csproj]
/home/runner/work/Anything/Anything/tests/Anything.Application.UnitTests/Features/Vendors/VendorHandlerTests.cs(267,27): error CS7036: There is no argument given that corresponds to the required parameter 'householdContext' of 'GetVendorByIdHandler.GetVendorByIdHandler(IRepository<Vendor>, IHouseholdContext)' [/home/runner/work/Anything/Anything/tests/Anything.Application.UnitTests/Anything.Application.UnitTests.csproj]
/home/runner/work/Anything/Anything/tests/Anything.Application.UnitTests/Features/Vendors/VendorHandlerTests.cs(279,27): error CS7036: There is no argument given that corresponds to the required parameter 'householdContext' of 'GetVendorByIdHandler.GetVendorByIdHandler(IRepository<Vendor>, IHouseholdContext)' [/home/runner/work/Anything/Anything/tests/Anything.Application.UnitTests/Anything.Application.UnitTests.csproj]
/home/runner/work/Anything/Anything/tests/Anything.Application.UnitTests/Features/Vendors/VendorHandlerTests.cs(293,27): error CS7036: There is no argument given that corresponds to the required parameter 'householdContext' of 'GetVendorByIdHandler.GetVendorByIdHandler(IRepository<Vendor>, IHouseholdContext)' [/home/runner/work/Anything/Anything/tests/Anything.Application.UnitTests/Anything.Application.UnitTests.csproj]
/home/runner/work/Anything/Anything/tests/Anything.Application.UnitTests/Features/Vendors/VendorHandlerTests.cs(210,27): error CS7036: There is no argument given that corresponds to the required parameter 'householdContext' of 'GetVendorsHandler.GetVendorsHandler(IRepository<Vendor>, IHouseholdContext)' [/home/runner/work/Anything/Anything/tests/Anything.Application.UnitTests/Anything.Application.UnitTests.csproj]
/home/runner/work/Anything/Anything/tests/Anything.Application.UnitTests/Features/Vendors/VendorHandlerTests.cs(225,27): error CS7036: There is no argument given that corresponds to the required parameter 'householdContext' of 'GetVendorsHandler.GetVendorsHandler(IRepository<Vendor>, IHouseholdContext)' [/home/runner/work/Anything/Anything/tests/Anything.Application.UnitTests/Anything.Application.UnitTests.csproj]
/home/runner/work/Anything/Anything/tests/Anything.Application.UnitTests/Features/Vendors/VendorHandlerTests.cs(241,27): error CS7036: There is no argument given that corresponds to the required parameter 'householdContext' of 'GetVendorsHandler.GetVendorsHandler(IRepository<Vendor>, IHouseholdContext)' [/home/runner/work/Anything/Anything/tests/Anything.Application.UnitTests/Anything.Application.UnitTests.csproj]
/home/runner/work/Anything/Anything/tests/Anything.Application.UnitTests/Features/Vendors/VendorHandlerTests.cs(151,27): error CS7036: There is no argument given that corresponds to the required parameter 'timeProvider' of 'DeleteVendorHandler.DeleteVendorHandler(IRepository<Vendor>, IHouseholdContext, IUnitOfWork, TimeProvider)' [/home/runner/work/Anything/Anything/tests/Anything.Application.UnitTests/Anything.Application.UnitTests.csproj]
/home/runner/work/Anything/Anything/tests/Anything.Application.UnitTests/Features/Vendors/VendorHandlerTests.cs(162,27): error CS7036: There is no argument given that corresponds to the required parameter 'timeProvider' of 'DeleteVendorHandler.DeleteVendorHandler(IRepository<Vendor>, IHouseholdContext, IUnitOfWork, TimeProvider)' [/home/runner/work/Anything/Anything/tests/Anything.Application.UnitTests/Anything.Application.UnitTests.csproj]
/home/runner/work/Anything/Anything/tests/Anything.Application.UnitTests/Features/Bills/BillHandlerTests.cs(1187,9): error CS7036: There is no argument given that corresponds to the required parameter 'householdContext' of 'GetBillAttachmentsHandler.GetBillAttachmentsHandler(IRepository<Bill>, IRepository<BillAttachment>, IImageStorageService, IHouseholdContext)' [/home/runner/work/Anything/Anything/tests/Anything.Application.UnitTests/Anything.Application.UnitTests.csproj]
/home/runner/work/Anything/Anything/tests/Anything.Application.UnitTests/Features/Vendors/VendorHandlerTests.cs(176,27): error CS7036: There is no argument given that corresponds to the required parameter 'timeProvider' of 'DeleteVendorHandler.DeleteVendorHandler(IRepository<Vendor>, IHouseholdContext, IUnitOfWork, TimeProvider)' [/home/runner/work/Anything/Anything/tests/Anything.Application.UnitTests/Anything.Application.UnitTests.csproj]
/home/runner/work/Anything/Anything/tests/Anything.Application.UnitTests/Features/Vendors/VendorHandlerTests.cs(189,27): error CS7036: There is no argument given that corresponds to the required parameter 'timeProvider' of 'DeleteVendorHandler.DeleteVendorHandler(IRepository<Vendor>, IHouseholdContext, IUnitOfWork, TimeProvider)' [/home/runner/work/Anything/Anything/tests/Anything.Application.UnitTests/Anything.Application.UnitTests.csproj]
/home/runner/work/Anything/Anything/tests/Anything.Application.UnitTests/Features/Vendors/VendorHandlerTests.cs(87,27): error CS7036: There is no argument given that corresponds to the required parameter 'timeProvider' of 'UpdateVendorHandler.UpdateVendorHandler(IRepository<Vendor>, IHouseholdContext, IUnitOfWork, TimeProvider)' [/home/runner/work/Anything/Anything/tests/Anything.Application.UnitTests/Anything.Application.UnitTests.csproj]
/home/runner/work/Anything/Anything/tests/Anything.Application.UnitTests/Features/Vendors/VendorHandlerTests.cs(98,27): error CS7036: There is no argument given that corresponds to the required parameter 'timeProvider' of 'UpdateVendorHandler.UpdateVendorHandler(IRepository<Vendor>, IHouseholdContext, IUnitOfWork, TimeProvider)' [/home/runner/work/Anything/Anything/tests/Anything.Application.UnitTests/Anything.Application.UnitTests.csproj]
/home/runner/work/Anything/Anything/tests/Anything.Application.UnitTests/Features/Bills/BillHandlerTests.cs(1149,9): error CS7036: There is no argument given that corresponds to the required parameter 'unitOfWork' of 'UpdateBillAttachmentHandler.UpdateBillAttachmentHandler(IRepository<Bill>, IRepository<BillAttachment>, IHouseholdContext, IUnitOfWork, TimeProvider)' [/home/runner/work/Anything/Anything/tests/Anything.Application.UnitTests/Anything.Application.UnitTests.csproj]
/home/runner/work/Anything/Anything/tests/Anything.Application.UnitTests/Features/Vendors/VendorHandlerTests.cs(112,27): error CS7036: There is no argument given that corresponds to the required parameter 'timeProvider' of 'UpdateVendorHandler.UpdateVendorHandler(IRepository<Vendor>, IHouseholdContext, IUnitOfWork, TimeProvider)' [/home/runner/work/Anything/Anything/tests/Anything.Application.UnitTests/Anything.Application.UnitTests.csproj]
/home/runner/work/Anything/Anything/tests/Anything.Application.UnitTests/Features/Vendors/VendorHandlerTests.cs(128,27): error CS7036: There is no argument given that corresponds to the required parameter 'timeProvider' of 'UpdateVendorHandler.UpdateVendorHandler(IRepository<Vendor>, IHouseholdContext, IUnitOfWork, TimeProvider)' [/home/runner/work/Anything/Anything/tests/Anything.Application.UnitTests/Anything.Application.UnitTests.csproj]
/home/runner/work/Anything/Anything/tests/Anything.Application.UnitTests/Features/Bills/BillHandlerTests.cs(1097,9): error CS7036: There is no argument given that corresponds to the required parameter 'unitOfWork' of 'DeleteBillAttachmentHandler.DeleteBillAttachmentHandler(IRepository<Bill>, IRepository<BillAttachment>, IImageStorageService, IHouseholdContext, IUnitOfWork, TimeProvider)' [/home/runner/work/Anything/Anything/tests/Anything.Application.UnitTests/Anything.Application.UnitTests.csproj]
/home/runner/work/Anything/Anything/tests/Anything.Application.UnitTests/Features/Vendors/VendorHandlerTests.cs(26,27): error CS7036: There is no argument given that corresponds to the required parameter 'timeProvider' of 'CreateVendorHandler.CreateVendorHandler(IRepository<Vendor>, IHouseholdContext, IUnitOfWork, TimeProvider)' [/home/runner/work/Anything/Anything/tests/Anything.Application.UnitTests/Anything.Application.UnitTests.csproj]
/home/runner/work/Anything/Anything/tests/Anything.Application.UnitTests/Features/Vendors/VendorHandlerTests.cs(39,27): error CS7036: There is no argument given that corresponds to the required parameter 'timeProvider' of 'CreateVendorHandler.CreateVendorHandler(IRepository<Vendor>, IHouseholdContext, IUnitOfWork, TimeProvider)' [/home/runner/work/Anything/Anything/tests/Anything.Application.UnitTests/Anything.Application.UnitTests.csproj]
/home/runner/work/Anything/Anything/tests/Anything.Application.UnitTests/Features/Vendors/VendorHandlerTests.cs(53,27): error CS7036: There is no argument given that corresponds to the required parameter 'timeProvider' of 'CreateVendorHandler.CreateVendorHandler(IRepository<Vendor>, IHouseholdContext, IUnitOfWork, TimeProvider)' [/home/runner/work/Anything/Anything/tests/Anything.Application.UnitTests/Anything.Application.UnitTests.csproj]
/home/runner/work/Anything/Anything/tests/Anything.Application.UnitTests/Features/Vendors/VendorHandlerTests.cs(63,27): error CS7036: There is no argument given that corresponds to the required parameter 'timeProvider' of 'CreateVendorHandler.CreateVendorHandler(IRepository<Vendor>, IHouseholdContext, IUnitOfWork, TimeProvider)' [/home/runner/work/Anything/Anything/tests/Anything.Application.UnitTests/Anything.Application.UnitTests.csproj]
/home/runner/work/Anything/Anything/tests/Anything.Application.UnitTests/Features/Bills/BillHandlerTests.cs(1029,9): error CS7036: There is no argument given that corresponds to the required parameter 'timeProvider' of 'UploadBillAttachmentHandler.UploadBillAttachmentHandler(IRepository<Bill>, IRepository<BillAttachment>, IImageStorageService, IHouseholdContext, IUnitOfWork, TimeProvider)' [/home/runner/work/Anything/Anything/tests/Anything.Application.UnitTests/Anything.Application.UnitTests.csproj]
/home/runner/work/Anything/Anything/tests/Anything.Application.UnitTests/Features/SuggestionCategories/SuggestionCategoryHandlerTests.cs(119,27): error CS7036: There is no argument given that corresponds to the required parameter 'timeProvider' of 'DeleteSuggestionCategoryHandler.DeleteSuggestionCategoryHandler(IRepository<SuggestionCategory>, IHouseholdContext, IUnitOfWork, TimeProvider)' [/home/runner/work/Anything/Anything/tests/Anything.Application.UnitTests/Anything.Application.UnitTests.csproj]
/home/runner/work/Anything/Anything/tests/Anything.Application.UnitTests/Features/SuggestionCategories/SuggestionCategoryHandlerTests.cs(130,27): error CS7036: There is no argument given that corresponds to the required parameter 'timeProvider' of 'DeleteSuggestionCategoryHandler.DeleteSuggestionCategoryHandler(IRepository<SuggestionCategory>, IHouseholdContext, IUnitOfWork, TimeProvider)' [/home/runner/work/Anything/Anything/tests/Anything.Application.UnitTests/Anything.Application.UnitTests.csproj]
/home/runner/work/Anything/Anything/tests/Anything.Application.UnitTests/Features/SuggestionCategories/SuggestionCategoryHandlerTests.cs(144,27): error CS7036: There is no argument given that corresponds to the required parameter 'timeProvider' of 'DeleteSuggestionCategoryHandler.DeleteSuggestionCategoryHandler(IRepository<SuggestionCategory>, IHouseholdContext, IUnitOfWork, TimeProvider)' [/home/runner/work/Anything/Anything/tests/Anything.Application.UnitTests/Anything.Application.UnitTests.csproj]
/home/runner/work/Anything/Anything/tests/Anything.Application.UnitTests/Features/SuggestionCategories/SuggestionCategoryHandlerTests.cs(68,27): error CS7036: There is no argument given that corresponds to the required parameter 'timeProvider' of 'UpdateSuggestionCategoryHandler.UpdateSuggestionCategoryHandler(IRepository<SuggestionCategory>, IHouseholdContext, IUnitOfWork, TimeProvider)' [/home/runner/work/Anything/Anything/tests/Anything.Application.UnitTests/Anything.Application.UnitTests.csproj]
/home/runner/work/Anything/Anything/tests/Anything.Application.UnitTests/Features/SuggestionCategories/SuggestionCategoryHandlerTests.cs(79,27): error CS7036: There is no argument given that corresponds to the required parameter 'timeProvider' of 'UpdateSuggestionCategoryHandler.UpdateSuggestionCategoryHandler(IRepository<SuggestionCategory>, IHouseholdContext, IUnitOfWork, TimeProvider)' [/home/runner/work/Anything/Anything/tests/Anything.Application.UnitTests/Anything.Application.UnitTests.csproj]
/home/runner/work/Anything/Anything/tests/Anything.Application.UnitTests/Features/Bills/BillHandlerTests.cs(938,54): error CS7036: There is no argument given that corresponds to the required parameter 'householdContext' of 'GetBillSummaryHandler.GetBillSummaryHandler(IRepository<Bill>, IRepository<BillPriceHistory>, IHouseholdContext)' [/home/runner/work/Anything/Anything/tests/Anything.Application.UnitTests/Anything.Application.UnitTests.csproj]
/home/runner/work/Anything/Anything/tests/Anything.Application.UnitTests/Features/SuggestionCategories/SuggestionCategoryHandlerTests.cs(93,27): error CS7036: There is no argument given that corresponds to the required parameter 'timeProvider' of 'UpdateSuggestionCategoryHandler.UpdateSuggestionCategoryHandler(IRepository<SuggestionCategory>, IHouseholdContext, IUnitOfWork, TimeProvider)' [/home/runner/work/Anything/Anything/tests/Anything.Application.UnitTests/Anything.Application.UnitTests.csproj]
/home/runner/work/Anything/Anything/tests/Anything.Application.UnitTests/Features/SuggestionCategories/SuggestionCategoryHandlerTests.cs(27,27): error CS7036: There is no argument given that corresponds to the required parameter 'timeProvider' of 'CreateSuggestionCategoryHandler.CreateSuggestionCategoryHandler(IRepository<SuggestionCategory>, IHouseholdContext, IUnitOfWork, TimeProvider)' [/home/runner/work/Anything/Anything/tests/Anything.Application.UnitTests/Anything.Application.UnitTests.csproj]
/home/runner/work/Anything/Anything/tests/Anything.Application.UnitTests/Features/Bills/BillHandlerTests.cs(812,59): error CS7036: There is no argument given that corresponds to the required parameter 'householdContext' of 'GetBillPriceHistoryHandler.GetBillPriceHistoryHandler(IRepository<Bill>, IRepository<BillPriceHistory>, IHouseholdContext)' [/home/runner/work/Anything/Anything/tests/Anything.Application.UnitTests/Anything.Application.UnitTests.csproj]
/home/runner/work/Anything/Anything/tests/Anything.Application.UnitTests/Features/SuggestionCategories/SuggestionCategoryHandlerTests.cs(44,27): error CS7036: There is no argument given that corresponds to the required parameter 'timeProvider' of 'CreateSuggestionCategoryHandler.CreateSuggestionCategoryHandler(IRepository<SuggestionCategory>, IHouseholdContext, IUnitOfWork, TimeProvider)' [/home/runner/work/Anything/Anything/tests/Anything.Application.UnitTests/Anything.Application.UnitTests.csproj]
/home/runner/work/Anything/Anything/tests/Anything.Application.UnitTests/Features/Somethings/SomethingHandlerTests.cs(167,27): error CS7036: There is no argument given that corresponds to the required parameter 'householdContext' of 'GetSomethingByIdHandler.GetSomethingByIdHandler(IRepository<Something>, IHouseholdContext)' [/home/runner/work/Anything/Anything/tests/Anything.Application.UnitTests/Anything.Application.UnitTests.csproj]
/home/runner/work/Anything/Anything/tests/Anything.Application.UnitTests/Features/Somethings/SomethingHandlerTests.cs(178,27): error CS7036: There is no argument given that corresponds to the required parameter 'householdContext' of 'GetSomethingByIdHandler.GetSomethingByIdHandler(IRepository<Something>, IHouseholdContext)' [/home/runner/work/Anything/Anything/tests/Anything.Application.UnitTests/Anything.Application.UnitTests.csproj]
/home/runner/work/Anything/Anything/tests/Anything.Application.UnitTests/Features/Somethings/SomethingHandlerTests.cs(190,27): error CS7036: There is no argument given that corresponds to the required parameter 'householdContext' of 'GetSomethingByIdHandler.GetSomethingByIdHandler(IRepository<Something>, IHouseholdContext)' [/home/runner/work/Anything/Anything/tests/Anything.Application.UnitTests/Anything.Application.UnitTests.csproj]
/home/runner/work/Anything/Anything/tests/Anything.Application.UnitTests/Features/Somethings/SomethingHandlerTests.cs(151,27): error CS7036: There is no argument given that corresponds to the required parameter 'householdContext' of 'GetSomethingsHandler.GetSomethingsHandler(IRepository<Something>, IHouseholdContext)' [/home/runner/work/Anything/Anything/tests/Anything.Application.UnitTests/Anything.Application.UnitTests.csproj]
/home/runner/work/Anything/Anything/tests/Anything.Application.UnitTests/Features/Bills/BillHandlerTests.cs(709,54): error CS7036: There is no argument given that corresponds to the required parameter 'householdContext' of 'GetBillSummaryHandler.GetBillSummaryHandler(IRepository<Bill>, IRepository<BillPriceHistory>, IHouseholdContext)' [/home/runner/work/Anything/Anything/tests/Anything.Application.UnitTests/Anything.Application.UnitTests.csproj]
/home/runner/work/Anything/Anything/tests/Anything.Application.UnitTests/Features/Somethings/SomethingHandlerTests.cs(103,27): error CS7036: There is no argument given that corresponds to the required parameter 'householdContext' of 'DeleteSomethingHandler.DeleteSomethingHandler(IRepository<Something>, IUnitOfWork, TimeProvider, IHouseholdContext)' [/home/runner/work/Anything/Anything/tests/Anything.Application.UnitTests/Anything.Application.UnitTests.csproj]
/home/runner/work/Anything/Anything/tests/Anything.Application.UnitTests/Features/Somethings/SomethingHandlerTests.cs(114,27): error CS7036: There is no argument given that corresponds to the required parameter 'householdContext' of 'DeleteSomethingHandler.DeleteSomethingHandler(IRepository<Something>, IUnitOfWork, TimeProvider, IHouseholdContext)' [/home/runner/work/Anything/Anything/tests/Anything.Application.UnitTests/Anything.Application.UnitTests.csproj]
/home/runner/work/Anything/Anything/tests/Anything.Application.UnitTests/Features/Somethings/SomethingHandlerTests.cs(128,27): error CS7036: There is no argument given that corresponds to the required parameter 'householdContext' of 'DeleteSomethingHandler.DeleteSomethingHandler(IRepository<Something>, IUnitOfWork, TimeProvider, IHouseholdContext)' [/home/runner/work/Anything/Anything/tests/Anything.Application.UnitTests/Anything.Application.UnitTests.csproj]
/home/runner/work/Anything/Anything/tests/Anything.Application.UnitTests/Features/Somethings/SomethingHandlerTests.cs(52,27): error CS7036: There is no argument given that corresponds to the required parameter 'householdContext' of 'UpdateSomethingHandler.UpdateSomethingHandler(IRepository<Something>, IUnitOfWork, TimeProvider, IHouseholdContext)' [/home/runner/work/Anything/Anything/tests/Anything.Application.UnitTests/Anything.Application.UnitTests.csproj]
/home/runner/work/Anything/Anything/tests/Anything.Application.UnitTests/Features/Somethings/SomethingHandlerTests.cs(63,27): error CS7036: There is no argument given that corresponds to the required parameter 'householdContext' of 'UpdateSomethingHandler.UpdateSomethingHandler(IRepository<Something>, IUnitOfWork, TimeProvider, IHouseholdContext)' [/home/runner/work/Anything/Anything/tests/Anything.Application.UnitTests/Anything.Application.UnitTests.csproj]
/home/runner/work/Anything/Anything/tests/Anything.Application.UnitTests/Features/Bills/BillHandlerTests.cs(638,51): error CS7036: There is no argument given that corresponds to the required parameter 'householdContext' of 'GetBillByIdHandler.GetBillByIdHandler(IRepository<Bill>, IRepository<BillPriceHistory>, IRepository<Location>, IRepository<Vendor>, IHouseholdContext)' [/home/runner/work/Anything/Anything/tests/Anything.Application.UnitTests/Anything.Application.UnitTests.csproj]
/home/runner/work/Anything/Anything/tests/Anything.Application.UnitTests/Features/Somethings/SomethingHandlerTests.cs(77,27): error CS7036: There is no argument given that corresponds to the required parameter 'householdContext' of 'UpdateSomethingHandler.UpdateSomethingHandler(IRepository<Something>, IUnitOfWork, TimeProvider, IHouseholdContext)' [/home/runner/work/Anything/Anything/tests/Anything.Application.UnitTests/Anything.Application.UnitTests.csproj]
/home/runner/work/Anything/Anything/tests/Anything.Application.UnitTests/Features/FoodPlans/FoodPlanHandlerTests.cs(449,32): error CS7036: There is no argument given that corresponds to the required parameter 'householdContext' of 'GetFoodPlanNotesByDateRangeHandler.GetFoodPlanNotesByDateRangeHandler(IRepository<FoodPlanNote>, IHouseholdContext)' [/home/runner/work/Anything/Anything/tests/Anything.Application.UnitTests/Anything.Application.UnitTests.csproj]
/home/runner/work/Anything/Anything/tests/Anything.Application.UnitTests/Features/Somethings/SomethingHandlerTests.cs(26,27): error CS7036: There is no argument given that corresponds to the required parameter 'householdContext' of 'CreateSomethingHandler.CreateSomethingHandler(IRepository<Something>, IUnitOfWork, TimeProvider, IHouseholdContext)' [/home/runner/work/Anything/Anything/tests/Anything.Application.UnitTests/Anything.Application.UnitTests.csproj]
/home/runner/work/Anything/Anything/tests/Anything.Application.UnitTests/Features/ShoppingLists/ShoppingListHandlerTests.cs(423,60): error CS7036: There is no argument given that corresponds to the required parameter 'realtimeNotifier' of 'ReorderShoppingListsHandler.ReorderShoppingListsHandler(IRepository<ShoppingList>, IHouseholdContext, IUnitOfWork, IRealtimeNotifier)' [/home/runner/work/Anything/Anything/tests/Anything.Application.UnitTests/Anything.Application.UnitTests.csproj]
/home/runner/work/Anything/Anything/tests/Anything.Application.UnitTests/Features/FoodPlans/FoodPlanHandlerTests.cs(470,32): error CS7036: There is no argument given that corresponds to the required parameter 'householdContext' of 'GetFoodPlanNotesByDateRangeHandler.GetFoodPlanNotesByDateRangeHandler(IRepository<FoodPlanNote>, IHouseholdContext)' [/home/runner/work/Anything/Anything/tests/Anything.Application.UnitTests/Anything.Application.UnitTests.csproj]
/home/runner/work/Anything/Anything/tests/Anything.Application.UnitTests/Features/FoodPlans/FoodPlanHandlerTests.cs(489,32): error CS7036: There is no argument given that corresponds to the required parameter 'householdContext' of 'GetFoodPlanNotesByDateRangeHandler.GetFoodPlanNotesByDateRangeHandler(IRepository<FoodPlanNote>, IHouseholdContext)' [/home/runner/work/Anything/Anything/tests/Anything.Application.UnitTests/Anything.Application.UnitTests.csproj]
/home/runner/work/Anything/Anything/tests/Anything.Application.UnitTests/Features/FoodPlans/FoodPlanHandlerTests.cs(409,27): error CS7036: There is no argument given that corresponds to the required parameter 'unitOfWork' of 'DeleteFoodPlanNoteHandler.DeleteFoodPlanNoteHandler(IRepository<FoodPlanNote>, IHouseholdContext, IUnitOfWork)' [/home/runner/work/Anything/Anything/tests/Anything.Application.UnitTests/Anything.Application.UnitTests.csproj]
/home/runner/work/Anything/Anything/tests/Anything.Application.UnitTests/Features/Bills/BillHandlerTests.cs(539,48): error CS7036: There is no argument given that corresponds to the required parameter 'householdContext' of 'GetBillsHandler.GetBillsHandler(IRepository<Bill>, IRepository<BillPriceHistory>, IRepository<Location>, IRepository<Vendor>, IHouseholdContext)' [/home/runner/work/Anything/Anything/tests/Anything.Application.UnitTests/Anything.Application.UnitTests.csproj]
/home/runner/work/Anything/Anything/tests/Anything.Application.UnitTests/Features/FoodPlans/FoodPlanHandlerTests.cs(422,27): error CS7036: There is no argument given that corresponds to the required parameter 'unitOfWork' of 'DeleteFoodPlanNoteHandler.DeleteFoodPlanNoteHandler(IRepository<FoodPlanNote>, IHouseholdContext, IUnitOfWork)' [/home/runner/work/Anything/Anything/tests/Anything.Application.UnitTests/Anything.Application.UnitTests.csproj]
/home/runner/work/Anything/Anything/tests/Anything.Application.UnitTests/Features/ShoppingLists/ShoppingListHandlerTests.cs(378,59): error CS7036: There is no argument given that corresponds to the required parameter 'householdContext' of 'GetShoppingListByIdHandler.GetShoppingListByIdHandler(IRepository<ShoppingList>, IHouseholdContext)' [/home/runner/work/Anything/Anything/tests/Anything.Application.UnitTests/Anything.Application.UnitTests.csproj]
/home/runner/work/Anything/Anything/tests/Anything.Application.UnitTests/Features/FoodPlans/FoodPlanHandlerTests.cs(371,27): error CS7036: There is no argument given that corresponds to the required parameter 'timeProvider' of 'UpsertFoodPlanNoteHandler.UpsertFoodPlanNoteHandler(IRepository<FoodPlanNote>, IHouseholdContext, IUnitOfWork, TimeProvider)' [/home/runner/work/Anything/Anything/tests/Anything.Application.UnitTests/Anything.Application.UnitTests.csproj]
/home/runner/work/Anything/Anything/tests/Anything.Application.UnitTests/Features/FoodPlans/FoodPlanHandlerTests.cs(388,27): error CS7036: There is no argument given that corresponds to the required parameter 'timeProvider' of 'UpsertFoodPlanNoteHandler.UpsertFoodPlanNoteHandler(IRepository<FoodPlanNote>, IHouseholdContext, IUnitOfWork, TimeProvider)' [/home/runner/work/Anything/Anything/tests/Anything.Application.UnitTests/Anything.Application.UnitTests.csproj]
/home/runner/work/Anything/Anything/tests/Anything.Application.UnitTests/Features/FoodPlans/FoodPlanHandlerTests.cs(327,27): error CS7036: There is no argument given that corresponds to the required parameter 'timeProvider' of 'UpdateFoodPlanSettingsHandler.UpdateFoodPlanSettingsHandler(IRepository<FoodPlanSettings>, IHouseholdContext, IUnitOfWork, TimeProvider)' [/home/runner/work/Anything/Anything/tests/Anything.Application.UnitTests/Anything.Application.UnitTests.csproj]
/home/runner/work/Anything/Anything/tests/Anything.Application.UnitTests/Features/ShoppingLists/ShoppingListHandlerTests.cs(296,56): error CS7036: There is no argument given that corresponds to the required parameter 'householdContext' of 'GetShoppingListsHandler.GetShoppingListsHandler(IRepository<ShoppingList>, IRepository<ShoppingListItem>, IHouseholdContext)' [/home/runner/work/Anything/Anything/tests/Anything.Application.UnitTests/Anything.Application.UnitTests.csproj]
/home/runner/work/Anything/Anything/tests/Anything.Application.UnitTests/Features/FoodPlans/FoodPlanHandlerTests.cs(343,27): error CS7036: There is no argument given that corresponds to the required parameter 'timeProvider' of 'UpdateFoodPlanSettingsHandler.UpdateFoodPlanSettingsHandler(IRepository<FoodPlanSettings>, IHouseholdContext, IUnitOfWork, TimeProvider)' [/home/runner/work/Anything/Anything/tests/Anything.Application.UnitTests/Anything.Application.UnitTests.csproj]
/home/runner/work/Anything/Anything/tests/Anything.Application.UnitTests/Features/Bills/BillHandlerTests.cs(492,55): error CS7036: There is no argument given that corresponds to the required parameter 'householdContext' of 'DeleteBillPriceHandler.DeleteBillPriceHandler(IRepository<Bill>, IRepository<BillPriceHistory>, IHouseholdContext, IUnitOfWork)' [/home/runner/work/Anything/Anything/tests/Anything.Application.UnitTests/Anything.Application.UnitTests.csproj]
/home/runner/work/Anything/Anything/tests/Anything.Application.UnitTests/Features/FoodPlans/FoodPlanHandlerTests.cs(294,32): error CS7036: There is no argument given that corresponds to the required parameter 'householdContext' of 'GetFoodPlanSettingsHandler.GetFoodPlanSettingsHandler(IRepository<FoodPlanSettings>, IHouseholdContext)' [/home/runner/work/Anything/Anything/tests/Anything.Application.UnitTests/Anything.Application.UnitTests.csproj]
/home/runner/work/Anything/Anything/tests/Anything.Application.UnitTests/Features/FoodPlans/FoodPlanHandlerTests.cs(305,32): error CS7036: There is no argument given that corresponds to the required parameter 'householdContext' of 'GetFoodPlanSettingsHandler.GetFoodPlanSettingsHandler(IRepository<FoodPlanSettings>, IHouseholdContext)' [/home/runner/work/Anything/Anything/tests/Anything.Application.UnitTests/Anything.Application.UnitTests.csproj]
/home/runner/work/Anything/Anything/tests/Anything.Application.UnitTests/Features/Bills/BillHandlerTests.cs(443,55): error CS7036: There is no argument given that corresponds to the required parameter 'unitOfWork' of 'UpdateBillPriceHandler.UpdateBillPriceHandler(IRepository<Bill>, IRepository<BillPriceHistory>, IHouseholdContext, IUnitOfWork, TimeProvider)' [/home/runner/work/Anything/Anything/tests/Anything.Application.UnitTests/Anything.Application.UnitTests.csproj]
/home/runner/work/Anything/Anything/tests/Anything.Application.UnitTests/Features/FoodPlans/FoodPlanHandlerTests.cs(237,32): error CS7036: There is no argument given that corresponds to the required parameter 'householdContext' of 'GetFoodPlanEntriesByDateRangeHandler.GetFoodPlanEntriesByDateRangeHandler(IRepository<FoodPlanEntry>, IHouseholdContext)' [/home/runner/work/Anything/Anything/tests/Anything.Application.UnitTests/Anything.Application.UnitTests.csproj]
/home/runner/work/Anything/Anything/tests/Anything.Application.UnitTests/Features/ShoppingLists/ShoppingListHandlerTests.cs(243,9): error CS7036: There is no argument given that corresponds to the required parameter 'timeProvider' of 'UpdateShoppingListItemHandler.UpdateShoppingListItemHandler(IRepository<ShoppingList>, IRepository<ShoppingListItem>, IHouseholdContext, IUnitOfWork, TimeProvider, IRealtimeNotifier)' [/home/runner/work/Anything/Anything/tests/Anything.Application.UnitTests/Anything.Application.UnitTests.csproj]
/home/runner/work/Anything/Anything/tests/Anything.Application.UnitTests/Features/FoodPlans/FoodPlanHandlerTests.cs(256,32): error CS7036: There is no argument given that corresponds to the required parameter 'householdContext' of 'GetFoodPlanEntriesByDateRangeHandler.GetFoodPlanEntriesByDateRangeHandler(IRepository<FoodPlanEntry>, IHouseholdContext)' [/home/runner/work/Anything/Anything/tests/Anything.Application.UnitTests/Anything.Application.UnitTests.csproj]
/home/runner/work/Anything/Anything/tests/Anything.Application.UnitTests/Features/Bills/BillHandlerTests.cs(378,52): error CS7036: There is no argument given that corresponds to the required parameter 'timeProvider' of 'AddBillPriceHandler.AddBillPriceHandler(IRepository<Bill>, IRepository<BillPriceHistory>, IHouseholdContext, IUnitOfWork, TimeProvider)' [/home/runner/work/Anything/Anything/tests/Anything.Application.UnitTests/Anything.Application.UnitTests.csproj]
/home/runner/work/Anything/Anything/tests/Anything.Application.UnitTests/Features/ShoppingLists/ShoppingListHandlerTests.cs(196,9): error CS7036: There is no argument given that corresponds to the required parameter 'unitOfWork' of 'DeleteShoppingListItemHandler.DeleteShoppingListItemHandler(IRepository<ShoppingList>, IRepository<ShoppingListItem>, IHouseholdContext, IUnitOfWork, IRealtimeNotifier)' [/home/runner/work/Anything/Anything/tests/Anything.Application.UnitTests/Anything.Application.UnitTests.csproj]
/home/runner/work/Anything/Anything/tests/Anything.Application.UnitTests/Features/FoodPlans/FoodPlanHandlerTests.cs(275,32): error CS7036: There is no argument given that corresponds to the required parameter 'householdContext' of 'GetFoodPlanEntriesByDateRangeHandler.GetFoodPlanEntriesByDateRangeHandler(IRepository<FoodPlanEntry>, IHouseholdContext)' [/home/runner/work/Anything/Anything/tests/Anything.Application.UnitTests/Anything.Application.UnitTests.csproj]
/home/runner/work/Anything/Anything/tests/Anything.Application.UnitTests/Features/FoodPlans/FoodPlanHandlerTests.cs(181,27): error CS7036: There is no argument given that corresponds to the required parameter 'timeProvider' of 'DeleteFoodPlanEntryHandler.DeleteFoodPlanEntryHandler(IRepository<FoodPlanEntry>, IHouseholdContext, IUnitOfWork, TimeProvider)' [/home/runner/work/Anything/Anything/tests/Anything.Application.UnitTests/Anything.Application.UnitTests.csproj]
/home/runner/work/Anything/Anything/tests/Anything.Application.UnitTests/Features/FoodPlans/FoodPlanHandlerTests.cs(196,27): error CS7036: There is no argument given that corresponds to the required parameter 'timeProvider' of 'DeleteFoodPlanEntryHandler.DeleteFoodPlanEntryHandler(IRepository<FoodPlanEntry>, IHouseholdContext, IUnitOfWork, TimeProvider)' [/home/runner/work/Anything/Anything/tests/Anything.Application.UnitTests/Anything.Application.UnitTests.csproj]
/home/runner/work/Anything/Anything/tests/Anything.Application.UnitTests/Features/ShoppingLists/ShoppingListHandlerTests.cs(142,9): error CS7036: There is no argument given that corresponds to the required parameter 'realtimeNotifier' of 'DeleteShoppingListHandler.DeleteShoppingListHandler(IRepository<ShoppingList>, IHouseholdContext, IUnitOfWork, TimeProvider, IRealtimeNotifier)' [/home/runner/work/Anything/Anything/tests/Anything.Application.UnitTests/Anything.Application.UnitTests.csproj]
/home/runner/work/Anything/Anything/tests/Anything.Application.UnitTests/Features/Bills/BillHandlerTests.cs(329,50): error CS7036: There is no argument given that corresponds to the required parameter 'timeProvider' of 'DeleteBillHandler.DeleteBillHandler(IRepository<Bill>, IHouseholdContext, IUnitOfWork, TimeProvider)' [/home/runner/work/Anything/Anything/tests/Anything.Application.UnitTests/Anything.Application.UnitTests.csproj]
/home/runner/work/Anything/Anything/tests/Anything.Application.UnitTests/Features/FoodPlans/FoodPlanHandlerTests.cs(211,27): error CS7036: There is no argument given that corresponds to the required parameter 'timeProvider' of 'DeleteFoodPlanEntryHandler.DeleteFoodPlanEntryHandler(IRepository<FoodPlanEntry>, IHouseholdContext, IUnitOfWork, TimeProvider)' [/home/runner/work/Anything/Anything/tests/Anything.Application.UnitTests/Anything.Application.UnitTests.csproj]
/home/runner/work/Anything/Anything/tests/Anything.Application.UnitTests/Features/FoodPlans/FoodPlanHandlerTests.cs(109,27): error CS7036: There is no argument given that corresponds to the required parameter 'timeProvider' of 'UpdateFoodPlanEntryHandler.UpdateFoodPlanEntryHandler(IRepository<Recipe>, IRepository<FoodPlanEntry>, IHouseholdContext, IUnitOfWork, TimeProvider)' [/home/runner/work/Anything/Anything/tests/Anything.Application.UnitTests/Anything.Application.UnitTests.csproj]
/home/runner/work/Anything/Anything/tests/Anything.Application.UnitTests/Features/Bills/BillHandlerTests.cs(260,50): error CS7036: There is no argument given that corresponds to the required parameter 'timeProvider' of 'UpdateBillHandler.UpdateBillHandler(IRepository<Bill>, IHouseholdContext, IUnitOfWork, TimeProvider)' [/home/runner/work/Anything/Anything/tests/Anything.Application.UnitTests/Anything.Application.UnitTests.csproj]
/home/runner/work/Anything/Anything/tests/Anything.Application.UnitTests/Features/ShoppingLists/ShoppingListHandlerTests.cs(86,9): error CS7036: There is no argument given that corresponds to the required parameter 'realtimeNotifier' of 'UpdateShoppingListHandler.UpdateShoppingListHandler(IRepository<ShoppingList>, IHouseholdContext, IUnitOfWork, TimeProvider, IRealtimeNotifier)' [/home/runner/work/Anything/Anything/tests/Anything.Application.UnitTests/Anything.Application.UnitTests.csproj]
/home/runner/work/Anything/Anything/tests/Anything.Application.UnitTests/Features/FoodPlans/FoodPlanHandlerTests.cs(124,27): error CS7036: There is no argument given that corresponds to the required parameter 'timeProvider' of 'UpdateFoodPlanEntryHandler.UpdateFoodPlanEntryHandler(IRepository<Recipe>, IRepository<FoodPlanEntry>, IHouseholdContext, IUnitOfWork, TimeProvider)' [/home/runner/work/Anything/Anything/tests/Anything.Application.UnitTests/Anything.Application.UnitTests.csproj]
/home/runner/work/Anything/Anything/tests/Anything.Application.UnitTests/Features/ShoppingLists/ShoppingListHandlerTests.cs(21,9): error CS7036: There is no argument given that corresponds to the required parameter 'realtimeNotifier' of 'CreateShoppingListHandler.CreateShoppingListHandler(IRepository<ShoppingList>, IHouseholdContext, IUnitOfWork, TimeProvider, IRealtimeNotifier)' [/home/runner/work/Anything/Anything/tests/Anything.Application.UnitTests/Anything.Application.UnitTests.csproj]
/home/runner/work/Anything/Anything/tests/Anything.Application.UnitTests/Features/FoodPlans/FoodPlanHandlerTests.cs(140,27): error CS7036: There is no argument given that corresponds to the required parameter 'timeProvider' of 'UpdateFoodPlanEntryHandler.UpdateFoodPlanEntryHandler(IRepository<Recipe>, IRepository<FoodPlanEntry>, IHouseholdContext, IUnitOfWork, TimeProvider)' [/home/runner/work/Anything/Anything/tests/Anything.Application.UnitTests/Anything.Application.UnitTests.csproj]
/home/runner/work/Anything/Anything/tests/Anything.Application.UnitTests/Features/Bills/BillHandlerTests.cs(186,9): error CS7036: There is no argument given that corresponds to the required parameter 'timeProvider' of 'CreateBillHandler.CreateBillHandler(IRepository<Bill>, IRepository<BillPriceHistory>, IHouseholdContext, IUnitOfWork, TimeProvider)' [/home/runner/work/Anything/Anything/tests/Anything.Application.UnitTests/Anything.Application.UnitTests.csproj]
/home/runner/work/Anything/Anything/tests/Anything.Application.UnitTests/Features/FoodPlans/FoodPlanHandlerTests.cs(158,27): error CS7036: There is no argument given that corresponds to the required parameter 'timeProvider' of 'UpdateFoodPlanEntryHandler.UpdateFoodPlanEntryHandler(IRepository<Recipe>, IRepository<FoodPlanEntry>, IHouseholdContext, IUnitOfWork, TimeProvider)' [/home/runner/work/Anything/Anything/tests/Anything.Application.UnitTests/Anything.Application.UnitTests.csproj]
/home/runner/work/Anything/Anything/tests/Anything.Application.UnitTests/Features/ShoppingLists/CompleteShoppingListHandlerTests.cs(21,9): error CS7036: There is no argument given that corresponds to the required parameter 'realtimeNotifier' of 'CompleteShoppingListHandler.CompleteShoppingListHandler(IRepository<ShoppingList>, IRepository<ShoppingListItem>, IHouseholdContext, IUnitOfWork, TimeProvider, IRealtimeNotifier)' [/home/runner/work/Anything/Anything/tests/Anything.Application.UnitTests/Anything.Application.UnitTests.csproj]
/home/runner/work/Anything/Anything/tests/Anything.Application.UnitTests/Features/FoodPlans/FoodPlanHandlerTests.cs(28,27): error CS7036: There is no argument given that corresponds to the required parameter 'timeProvider' of 'AddFoodPlanEntryHandler.AddFoodPlanEntryHandler(IRepository<Recipe>, IRepository<FoodPlanEntry>, IHouseholdContext, IUnitOfWork, TimeProvider)' [/home/runner/work/Anything/Anything/tests/Anything.Application.UnitTests/Anything.Application.UnitTests.csproj]
/home/runner/work/Anything/Anything/tests/Anything.Application.UnitTests/Features/FoodPlans/FoodPlanHandlerTests.cs(44,27): error CS7036: There is no argument given that corresponds to the required parameter 'timeProvider' of 'AddFoodPlanEntryHandler.AddFoodPlanEntryHandler(IRepository<Recipe>, IRepository<FoodPlanEntry>, IHouseholdContext, IUnitOfWork, TimeProvider)' [/home/runner/work/Anything/Anything/tests/Anything.Application.UnitTests/Anything.Application.UnitTests.csproj]
/home/runner/work/Anything/Anything/tests/Anything.Application.UnitTests/Features/FoodPlans/FoodPlanHandlerTests.cs(56,27): error CS7036: There is no argument given that corresponds to the required parameter 'timeProvider' of 'AddFoodPlanEntryHandler.AddFoodPlanEntryHandler(IRepository<Recipe>, IRepository<FoodPlanEntry>, IHouseholdContext, IUnitOfWork, TimeProvider)' [/home/runner/work/Anything/Anything/tests/Anything.Application.UnitTests/Anything.Application.UnitTests.csproj]
/home/runner/work/Anything/Anything/tests/Anything.Application.UnitTests/Features/FoodPlans/FoodPlanHandlerTests.cs(67,27): error CS7036: There is no argument given that corresponds to the required parameter 'timeProvider' of 'AddFoodPlanEntryHandler.AddFoodPlanEntryHandler(IRepository<Recipe>, IRepository<FoodPlanEntry>, IHouseholdContext, IUnitOfWork, TimeProvider)' [/home/runner/work/Anything/Anything/tests/Anything.Application.UnitTests/Anything.Application.UnitTests.csproj]
/home/runner/work/Anything/Anything/tests/Anything.Application.UnitTests/Features/FoodPlans/FoodPlanHandlerTests.cs(83,27): error CS7036: There is no argument given that corresponds to the required parameter 'timeProvider' of 'AddFoodPlanEntryHandler.AddFoodPlanEntryHandler(IRepository<Recipe>, IRepository<FoodPlanEntry>, IHouseholdContext, IUnitOfWork, TimeProvider)' [/home/runner/work/Anything/Anything/tests/Anything.Application.UnitTests/Anything.Application.UnitTests.csproj]
/home/runner/work/Anything/Anything/tests/Anything.Application.UnitTests/Features/FoodPlans/AddFoodPlanToShoppingListHandlerTests.cs(25,9): error CS7036: There is no argument given that corresponds to the required parameter 'timeProvider' of 'AddFoodPlanToShoppingListHandler.AddFoodPlanToShoppingListHandler(IRepository<FoodPlanEntry>, IRepository<RecipeIngredient>, IRepository<ShoppingList>, IRepository<ShoppingListItem>, IRepository<ShoppingListRecommendation>, IHouseholdContext, IUnitOfWork, TimeProvider)' [/home/runner/work/Anything/Anything/tests/Anything.Application.UnitTests/Anything.Application.UnitTests.csproj]
/home/runner/work/Anything/Anything/tests/Anything.Application.UnitTests/Features/ShoppingLists/AddShoppingListItemHandlerTests.cs(22,9): error CS7036: There is no argument given that corresponds to the required parameter 'realtimeNotifier' of 'AddShoppingListItemHandler.AddShoppingListItemHandler(IRepository<ShoppingList>, IRepository<ShoppingListItem>, IRepository<ShoppingListRecommendation>, IHouseholdContext, IUnitOfWork, TimeProvider, IRealtimeNotifier)' [/home/runner/work/Anything/Anything/tests/Anything.Application.UnitTests/Anything.Application.UnitTests.csproj]
/home/runner/work/Anything/Anything/tests/Anything.Application.UnitTests/Features/Recommendations/RecommendationHandlerTests.cs(197,32): error CS7036: There is no argument given that corresponds to the required parameter 'householdContext' of 'GetApprovedRecommendationsHandler.GetApprovedRecommendationsHandler(IRepository<ShoppingListRecommendation>, IHouseholdContext)' [/home/runner/work/Anything/Anything/tests/Anything.Application.UnitTests/Anything.Application.UnitTests.csproj]
/home/runner/work/Anything/Anything/tests/Anything.Application.UnitTests/Features/Recommendations/RecommendationHandlerTests.cs(176,32): error CS7036: There is no argument given that corresponds to the required parameter 'householdContext' of 'GetPendingRecommendationsHandler.GetPendingRecommendationsHandler(IRepository<ShoppingListRecommendation>, IHouseholdContext)' [/home/runner/work/Anything/Anything/tests/Anything.Application.UnitTests/Anything.Application.UnitTests.csproj]
/home/runner/work/Anything/Anything/tests/Anything.Application.UnitTests/Features/Recommendations/RecommendationHandlerTests.cs(155,32): error CS7036: There is no argument given that corresponds to the required parameter 'householdContext' of 'GetAllRecommendationsHandler.GetAllRecommendationsHandler(IRepository<ShoppingListRecommendation>, IHouseholdContext)' [/home/runner/work/Anything/Anything/tests/Anything.Application.UnitTests/Anything.Application.UnitTests.csproj]
/home/runner/work/Anything/Anything/tests/Anything.Application.UnitTests/Features/Recommendations/RecommendationHandlerTests.cs(109,60): error CS7036: There is no argument given that corresponds to the required parameter 'timeProvider' of 'DeleteRecommendationHandler.DeleteRecommendationHandler(IRepository<ShoppingListRecommendation>, IHouseholdContext, IUnitOfWork, TimeProvider)' [/home/runner/work/Anything/Anything/tests/Anything.Application.UnitTests/Anything.Application.UnitTests.csproj]
/home/runner/work/Anything/Anything/tests/Anything.Application.UnitTests/Features/Recommendations/RecommendationHandlerTests.cs(72,61): error CS7036: There is no argument given that corresponds to the required parameter 'timeProvider' of 'ApproveRecommendationHandler.ApproveRecommendationHandler(IRepository<ShoppingListRecommendation>, IHouseholdContext, IUnitOfWork, TimeProvider)' [/home/runner/work/Anything/Anything/tests/Anything.Application.UnitTests/Anything.Application.UnitTests.csproj]
/home/runner/work/Anything/Anything/tests/Anything.Application.UnitTests/Features/Recommendations/RecommendationHandlerTests.cs(18,60): error CS7036: There is no argument given that corresponds to the required parameter 'timeProvider' of 'UpdateRecommendationHandler.UpdateRecommendationHandler(IRepository<ShoppingListRecommendation>, IHouseholdContext, IUnitOfWork, TimeProvider)' [/home/runner/work/Anything/Anything/tests/Anything.Application.UnitTests/Anything.Application.UnitTests.csproj]
/home/runner/work/Anything/Anything/tests/Anything.Application.UnitTests/Features/Inventory/InventoryHandlerTests.cs(363,32): error CS7036: There is no argument given that corresponds to the required parameter 'householdContext' of 'GetInventoryStorageUnitByIdHandler.GetInventoryStorageUnitByIdHandler(IRepository<InventoryStorageUnit>, IHouseholdContext)' [/home/runner/work/Anything/Anything/tests/Anything.Application.UnitTests/Anything.Application.UnitTests.csproj]
/home/runner/work/Anything/Anything/tests/Anything.Application.UnitTests/Features/Inventory/InventoryHandlerTests.cs(371,32): error CS7036: There is no argument given that corresponds to the required parameter 'householdContext' of 'GetInventoryStorageUnitByIdHandler.GetInventoryStorageUnitByIdHandler(IRepository<InventoryStorageUnit>, IHouseholdContext)' [/home/runner/work/Anything/Anything/tests/Anything.Application.UnitTests/Anything.Application.UnitTests.csproj]
/home/runner/work/Anything/Anything/tests/Anything.Application.UnitTests/Features/Recipes/RecipeHandlerTests.cs(702,9): error CS7036: There is no argument given that corresponds to the required parameter 'householdContext' of 'ReimportRecipeHandler.ReimportRecipeHandler(IRepository<Recipe>, IRepository<RecipeIngredient>, IRepository<RecipeStep>, IRepository<RecipeImage>, IRecipeParserService, IRecipeImageService, IUnitOfWork, TimeProvider, IHouseholdContext)' [/home/runner/work/Anything/Anything/tests/Anything.Application.UnitTests/Anything.Application.UnitTests.csproj]
/home/runner/work/Anything/Anything/tests/Anything.Application.UnitTests/Features/Inventory/InventoryHandlerTests.cs(348,32): error CS7036: There is no argument given that corresponds to the required parameter 'householdContext' of 'GetInventoryStorageUnitsHandler.GetInventoryStorageUnitsHandler(IRepository<InventoryStorageUnit>, IHouseholdContext)' [/home/runner/work/Anything/Anything/tests/Anything.Application.UnitTests/Anything.Application.UnitTests.csproj]
/home/runner/work/Anything/Anything/tests/Anything.Application.UnitTests/Features/Inventory/InventoryHandlerTests.cs(321,32): error CS7036: There is no argument given that corresponds to the required parameter 'householdContext' of 'GetInventoryItemByIdHandler.GetInventoryItemByIdHandler(IRepository<InventoryItem>, IHouseholdContext)' [/home/runner/work/Anything/Anything/tests/Anything.Application.UnitTests/Anything.Application.UnitTests.csproj]
/home/runner/work/Anything/Anything/tests/Anything.Application.UnitTests/Features/Inventory/InventoryHandlerTests.cs(329,32): error CS7036: There is no argument given that corresponds to the required parameter 'householdContext' of 'GetInventoryItemByIdHandler.GetInventoryItemByIdHandler(IRepository<InventoryItem>, IHouseholdContext)' [/home/runner/work/Anything/Anything/tests/Anything.Application.UnitTests/Anything.Application.UnitTests.csproj]
/home/runner/work/Anything/Anything/tests/Anything.Application.UnitTests/Features/Inventory/InventoryHandlerTests.cs(306,32): error CS7036: There is no argument given that corresponds to the required parameter 'householdContext' of 'GetInventoryItemsHandler.GetInventoryItemsHandler(IRepository<InventoryItem>, IHouseholdContext)' [/home/runner/work/Anything/Anything/tests/Anything.Application.UnitTests/Anything.Application.UnitTests.csproj]
/home/runner/work/Anything/Anything/tests/Anything.Application.UnitTests/Features/Inventory/InventoryHandlerTests.cs(279,32): error CS7036: There is no argument given that corresponds to the required parameter 'householdContext' of 'GetInventoryBoxByIdHandler.GetInventoryBoxByIdHandler(IRepository<InventoryBox>, IHouseholdContext)' [/home/runner/work/Anything/Anything/tests/Anything.Application.UnitTests/Anything.Application.UnitTests.csproj]
/home/runner/work/Anything/Anything/tests/Anything.Application.UnitTests/Features/Inventory/InventoryHandlerTests.cs(287,32): error CS7036: There is no argument given that corresponds to the required parameter 'householdContext' of 'GetInventoryBoxByIdHandler.GetInventoryBoxByIdHandler(IRepository<InventoryBox>, IHouseholdContext)' [/home/runner/work/Anything/Anything/tests/Anything.Application.UnitTests/Anything.Application.UnitTests.csproj]
/home/runner/work/Anything/Anything/tests/Anything.Application.UnitTests/Features/Inventory/InventoryHandlerTests.cs(264,32): error CS7036: There is no argument given that corresponds to the required parameter 'householdContext' of 'GetInventoryBoxesHandler.GetInventoryBoxesHandler(IRepository<InventoryBox>, IHouseholdContext)' [/home/runner/work/Anything/Anything/tests/Anything.Application.UnitTests/Anything.Application.UnitTests.csproj]
/home/runner/work/Anything/Anything/tests/Anything.Application.UnitTests/Features/Inventory/InventoryHandlerTests.cs(227,32): error CS7036: There is no argument given that corresponds to the required parameter 'timeProvider' of 'UpdateInventoryStorageUnitHandler.UpdateInventoryStorageUnitHandler(IRepository<InventoryStorageUnit>, IHouseholdContext, IUnitOfWork, TimeProvider)' [/home/runner/work/Anything/Anything/tests/Anything.Application.UnitTests/Anything.Application.UnitTests.csproj]
/home/runner/work/Anything/Anything/tests/Anything.Application.UnitTests/Features/Inventory/InventoryHandlerTests.cs(240,32): error CS7036: There is no argument given that corresponds to the required parameter 'timeProvider' of 'UpdateInventoryStorageUnitHandler.UpdateInventoryStorageUnitHandler(IRepository<InventoryStorageUnit>, IHouseholdContext, IUnitOfWork, TimeProvider)' [/home/runner/work/Anything/Anything/tests/Anything.Application.UnitTests/Anything.Application.UnitTests.csproj]
/home/runner/work/Anything/Anything/tests/Anything.Application.UnitTests/Features/Inventory/InventoryHandlerTests.cs(201,27): error CS7036: There is no argument given that corresponds to the required parameter 'timeProvider' of 'CreateInventoryStorageUnitHandler.CreateInventoryStorageUnitHandler(IRepository<InventoryStorageUnit>, IHouseholdContext, IUnitOfWork, TimeProvider)' [/home/runner/work/Anything/Anything/tests/Anything.Application.UnitTests/Anything.Application.UnitTests.csproj]
/home/runner/work/Anything/Anything/tests/Anything.Application.UnitTests/Features/Inventory/InventoryHandlerTests.cs(167,32): error CS7036: There is no argument given that corresponds to the required parameter 'timeProvider' of 'DeleteInventoryItemHandler.DeleteInventoryItemHandler(IRepository<InventoryItem>, IHouseholdContext, IUnitOfWork, TimeProvider)' [/home/runner/work/Anything/Anything/tests/Anything.Application.UnitTests/Anything.Application.UnitTests.csproj]
/home/runner/work/Anything/Anything/tests/Anything.Application.UnitTests/Features/Inventory/InventoryHandlerTests.cs(179,32): error CS7036: There is no argument given that corresponds to the required parameter 'timeProvider' of 'DeleteInventoryItemHandler.DeleteInventoryItemHandler(IRepository<InventoryItem>, IHouseholdContext, IUnitOfWork, TimeProvider)' [/home/runner/work/Anything/Anything/tests/Anything.Application.UnitTests/Anything.Application.UnitTests.csproj]
/home/runner/work/Anything/Anything/tests/Anything.Application.UnitTests/Features/Inventory/InventoryHandlerTests.cs(128,32): error CS7036: There is no argument given that corresponds to the required parameter 'timeProvider' of 'UpdateInventoryItemHandler.UpdateInventoryItemHandler(IRepository<InventoryItem>, IRepository<InventoryBox>, IRepository<InventoryStorageUnit>, IHouseholdContext, IUnitOfWork, TimeProvider)' [/home/runner/work/Anything/Anything/tests/Anything.Application.UnitTests/Anything.Application.UnitTests.csproj]
/home/runner/work/Anything/Anything/tests/Anything.Application.UnitTests/Features/Inventory/InventoryHandlerTests.cs(141,32): error CS7036: There is no argument given that corresponds to the required parameter 'timeProvider' of 'UpdateInventoryItemHandler.UpdateInventoryItemHandler(IRepository<InventoryItem>, IRepository<InventoryBox>, IRepository<InventoryStorageUnit>, IHouseholdContext, IUnitOfWork, TimeProvider)' [/home/runner/work/Anything/Anything/tests/Anything.Application.UnitTests/Anything.Application.UnitTests.csproj]
/home/runner/work/Anything/Anything/tests/Anything.Application.UnitTests/Features/Inventory/InventoryHandlerTests.cs(76,32): error CS7036: There is no argument given that corresponds to the required parameter 'timeProvider' of 'UpdateInventoryBoxHandler.UpdateInventoryBoxHandler(IRepository<InventoryBox>, IRepository<InventoryStorageUnit>, IHouseholdContext, IUnitOfWork, TimeProvider)' [/home/runner/work/Anything/Anything/tests/Anything.Application.UnitTests/Anything.Application.UnitTests.csproj]
/home/runner/work/Anything/Anything/tests/Anything.Application.UnitTests/Features/Locations/LocationHandlerTests.cs(243,27): error CS7036: There is no argument given that corresponds to the required parameter 'householdContext' of 'GetLocationByIdHandler.GetLocationByIdHandler(IRepository<Location>, IHouseholdContext)' [/home/runner/work/Anything/Anything/tests/Anything.Application.UnitTests/Anything.Application.UnitTests.csproj]
/home/runner/work/Anything/Anything/tests/Anything.Application.UnitTests/Features/Locations/LocationHandlerTests.cs(254,27): error CS7036: There is no argument given that corresponds to the required parameter 'householdContext' of 'GetLocationByIdHandler.GetLocationByIdHandler(IRepository<Location>, IHouseholdContext)' [/home/runner/work/Anything/Anything/tests/Anything.Application.UnitTests/Anything.Application.UnitTests.csproj]
/home/runner/work/Anything/Anything/tests/Anything.Application.UnitTests/Features/Locations/LocationHandlerTests.cs(266,27): error CS7036: There is no argument given that corresponds to the required parameter 'householdContext' of 'GetLocationByIdHandler.GetLocationByIdHandler(IRepository<Location>, IHouseholdContext)' [/home/runner/work/Anything/Anything/tests/Anything.Application.UnitTests/Anything.Application.UnitTests.csproj]
/home/runner/work/Anything/Anything/tests/Anything.Application.UnitTests/Features/Inventory/InventoryHandlerTests.cs(87,32): error CS7036: There is no argument given that corresponds to the required parameter 'timeProvider' of 'UpdateInventoryBoxHandler.UpdateInventoryBoxHandler(IRepository<InventoryBox>, IRepository<InventoryStorageUnit>, IHouseholdContext, IUnitOfWork, TimeProvider)' [/home/runner/work/Anything/Anything/tests/Anything.Application.UnitTests/Anything.Application.UnitTests.csproj]
/home/runner/work/Anything/Anything/tests/Anything.Application.UnitTests/Features/Locations/LocationHandlerTests.cs(279,27): error CS7036: There is no argument given that corresponds to the required parameter 'householdContext' of 'GetLocationByIdHandler.GetLocationByIdHandler(IRepository<Location>, IHouseholdContext)' [/home/runner/work/Anything/Anything/tests/Anything.Application.UnitTests/Anything.Application.UnitTests.csproj]
/home/runner/work/Anything/Anything/tests/Anything.Application.UnitTests/Features/Locations/LocationHandlerTests.cs(197,27): error CS7036: There is no argument given that corresponds to the required parameter 'householdContext' of 'GetLocationsHandler.GetLocationsHandler(IRepository<Location>, IHouseholdContext)' [/home/runner/work/Anything/Anything/tests/Anything.Application.UnitTests/Anything.Application.UnitTests.csproj]
/home/runner/work/Anything/Anything/tests/Anything.Application.UnitTests/Features/Locations/LocationHandlerTests.cs(212,27): error CS7036: There is no argument given that corresponds to the required parameter 'householdContext' of 'GetLocationsHandler.GetLocationsHandler(IRepository<Location>, IHouseholdContext)' [/home/runner/work/Anything/Anything/tests/Anything.Application.UnitTests/Anything.Application.UnitTests.csproj]
/home/runner/work/Anything/Anything/tests/Anything.Application.UnitTests/Features/Inventory/InventoryHandlerTests.cs(101,32): error CS7036: There is no argument given that corresponds to the required parameter 'timeProvider' of 'UpdateInventoryBoxHandler.UpdateInventoryBoxHandler(IRepository<InventoryBox>, IRepository<InventoryStorageUnit>, IHouseholdContext, IUnitOfWork, TimeProvider)' [/home/runner/work/Anything/Anything/tests/Anything.Application.UnitTests/Anything.Application.UnitTests.csproj]
/home/runner/work/Anything/Anything/tests/Anything.Application.UnitTests/Features/Locations/LocationHandlerTests.cs(228,27): error CS7036: There is no argument given that corresponds to the required parameter 'householdContext' of 'GetLocationsHandler.GetLocationsHandler(IRepository<Location>, IHouseholdContext)' [/home/runner/work/Anything/Anything/tests/Anything.Application.UnitTests/Anything.Application.UnitTests.csproj]
/home/runner/work/Anything/Anything/tests/Anything.Application.UnitTests/Features/Inventory/InventoryHandlerTests.cs(27,27): error CS7036: There is no argument given that corresponds to the required parameter 'timeProvider' of 'CreateInventoryBoxHandler.CreateInventoryBoxHandler(IRepository<InventoryBox>, IRepository<InventoryStorageUnit>, IHouseholdContext, IUnitOfWork, TimeProvider)' [/home/runner/work/Anything/Anything/tests/Anything.Application.UnitTests/Anything.Application.UnitTests.csproj]
/home/runner/work/Anything/Anything/tests/Anything.Application.UnitTests/Features/Inventory/InventoryHandlerTests.cs(40,27): error CS7036: There is no argument given that corresponds to the required parameter 'timeProvider' of 'CreateInventoryBoxHandler.CreateInventoryBoxHandler(IRepository<InventoryBox>, IRepository<InventoryStorageUnit>, IHouseholdContext, IUnitOfWork, TimeProvider)' [/home/runner/work/Anything/Anything/tests/Anything.Application.UnitTests/Anything.Application.UnitTests.csproj]
/home/runner/work/Anything/Anything/tests/Anything.Application.UnitTests/Features/Locations/LocationHandlerTests.cs(138,27): error CS7036: There is no argument given that corresponds to the required parameter 'timeProvider' of 'DeleteLocationHandler.DeleteLocationHandler(IRepository<Location>, IHouseholdContext, IUnitOfWork, TimeProvider)' [/home/runner/work/Anything/Anything/tests/Anything.Application.UnitTests/Anything.Application.UnitTests.csproj]
/home/runner/work/Anything/Anything/tests/Anything.Application.UnitTests/Features/Locations/LocationHandlerTests.cs(149,27): error CS7036: There is no argument given that corresponds to the required parameter 'timeProvider' of 'DeleteLocationHandler.DeleteLocationHandler(IRepository<Location>, IHouseholdContext, IUnitOfWork, TimeProvider)' [/home/runner/work/Anything/Anything/tests/Anything.Application.UnitTests/Anything.Application.UnitTests.csproj]
/home/runner/work/Anything/Anything/tests/Anything.Application.UnitTests/Features/Recipes/RecipeHandlerTests.cs(662,32): error CS7036: There is no argument given that corresponds to the required parameter 'householdContext' of 'GetRecipeTagsHandler.GetRecipeTagsHandler(IRepository<Recipe>, IRepository<RecipeTag>, IHouseholdContext)' [/home/runner/work/Anything/Anything/tests/Anything.Application.UnitTests/Anything.Application.UnitTests.csproj]
/home/runner/work/Anything/Anything/tests/Anything.Application.UnitTests/Features/Inventory/InventoryHandlerTests.cs(51,27): error CS7036: There is no argument given that corresponds to the required parameter 'timeProvider' of 'CreateInventoryBoxHandler.CreateInventoryBoxHandler(IRepository<InventoryBox>, IRepository<InventoryStorageUnit>, IHouseholdContext, IUnitOfWork, TimeProvider)' [/home/runner/work/Anything/Anything/tests/Anything.Application.UnitTests/Anything.Application.UnitTests.csproj]
/home/runner/work/Anything/Anything/tests/Anything.Application.UnitTests/Features/Locations/LocationHandlerTests.cs(163,27): error CS7036: There is no argument given that corresponds to the required parameter 'timeProvider' of 'DeleteLocationHandler.DeleteLocationHandler(IRepository<Location>, IHouseholdContext, IUnitOfWork, TimeProvider)' [/home/runner/work/Anything/Anything/tests/Anything.Application.UnitTests/Anything.Application.UnitTests.csproj]
/home/runner/work/Anything/Anything/tests/Anything.Application.UnitTests/Features/Inventory/DeleteInventoryStorageUnitHandlerTests.cs(20,9): error CS7036: There is no argument given that corresponds to the required parameter 'timeProvider' of 'DeleteInventoryStorageUnitHandler.DeleteInventoryStorageUnitHandler(IRepository<InventoryStorageUnit>, IRepository<InventoryBox>, IRepository<InventoryItem>, IHouseholdContext, IUnitOfWork, TimeProvider)' [/home/runner/work/Anything/Anything/tests/Anything.Application.UnitTests/Anything.Application.UnitTests.csproj]
/home/runner/work/Anything/Anything/tests/Anything.Application.UnitTests/Features/Locations/LocationHandlerTests.cs(176,27): error CS7036: There is no argument given that corresponds to the required parameter 'timeProvider' of 'DeleteLocationHandler.DeleteLocationHandler(IRepository<Location>, IHouseholdContext, IUnitOfWork, TimeProvider)' [/home/runner/work/Anything/Anything/tests/Anything.Application.UnitTests/Anything.Application.UnitTests.csproj]
/home/runner/work/Anything/Anything/tests/Anything.Application.UnitTests/Features/Locations/LocationHandlerTests.cs(75,27): error CS7036: There is no argument given that corresponds to the required parameter 'timeProvider' of 'UpdateLocationHandler.UpdateLocationHandler(IRepository<Location>, IHouseholdContext, IUnitOfWork, TimeProvider)' [/home/runner/work/Anything/Anything/tests/Anything.Application.UnitTests/Anything.Application.UnitTests.csproj]
/home/runner/work/Anything/Anything/tests/Anything.Application.UnitTests/Features/Locations/LocationHandlerTests.cs(86,27): error CS7036: There is no argument given that corresponds to the required parameter 'timeProvider' of 'UpdateLocationHandler.UpdateLocationHandler(IRepository<Location>, IHouseholdContext, IUnitOfWork, TimeProvider)' [/home/runner/work/Anything/Anything/tests/Anything.Application.UnitTests/Anything.Application.UnitTests.csproj]
/home/runner/work/Anything/Anything/tests/Anything.Application.UnitTests/Features/Recipes/RecipeHandlerTests.cs(675,32): error CS7036: There is no argument given that corresponds to the required parameter 'householdContext' of 'GetRecipeTagsHandler.GetRecipeTagsHandler(IRepository<Recipe>, IRepository<RecipeTag>, IHouseholdContext)' [/home/runner/work/Anything/Anything/tests/Anything.Application.UnitTests/Anything.Application.UnitTests.csproj]
/home/runner/work/Anything/Anything/tests/Anything.Application.UnitTests/Features/Locations/LocationHandlerTests.cs(100,27): error CS7036: There is no argument given that corresponds to the required parameter 'timeProvider' of 'UpdateLocationHandler.UpdateLocationHandler(IRepository<Location>, IHouseholdContext, IUnitOfWork, TimeProvider)' [/home/runner/work/Anything/Anything/tests/Anything.Application.UnitTests/Anything.Application.UnitTests.csproj]
/home/runner/work/Anything/Anything/tests/Anything.Application.UnitTests/Features/Recipes/RecipeHandlerTests.cs(633,32): error CS7036: There is no argument given that corresponds to the required parameter 'householdContext' of 'GetRecipeStepsHandler.GetRecipeStepsHandler(IRepository<Recipe>, IRepository<RecipeStep>, IHouseholdContext)' [/home/runner/work/Anything/Anything/tests/Anything.Application.UnitTests/Anything.Application.UnitTests.csproj]
/home/runner/work/Anything/Anything/tests/Anything.Application.UnitTests/Features/Locations/LocationHandlerTests.cs(115,27): error CS7036: There is no argument given that corresponds to the required parameter 'timeProvider' of 'UpdateLocationHandler.UpdateLocationHandler(IRepository<Location>, IHouseholdContext, IUnitOfWork, TimeProvider)' [/home/runner/work/Anything/Anything/tests/Anything.Application.UnitTests/Anything.Application.UnitTests.csproj]
/home/runner/work/Anything/Anything/tests/Anything.Application.UnitTests/Features/Locations/LocationHandlerTests.cs(26,27): error CS7036: There is no argument given that corresponds to the required parameter 'timeProvider' of 'CreateLocationHandler.CreateLocationHandler(IRepository<Location>, IHouseholdContext, IUnitOfWork, TimeProvider)' [/home/runner/work/Anything/Anything/tests/Anything.Application.UnitTests/Anything.Application.UnitTests.csproj]
/home/runner/work/Anything/Anything/tests/Anything.Application.UnitTests/Features/Recipes/RecipeHandlerTests.cs(646,32): error CS7036: There is no argument given that corresponds to the required parameter 'householdContext' of 'GetRecipeStepsHandler.GetRecipeStepsHandler(IRepository<Recipe>, IRepository<RecipeStep>, IHouseholdContext)' [/home/runner/work/Anything/Anything/tests/Anything.Application.UnitTests/Anything.Application.UnitTests.csproj]
/home/runner/work/Anything/Anything/tests/Anything.Application.UnitTests/Features/Locations/LocationHandlerTests.cs(41,27): error CS7036: There is no argument given that corresponds to the required parameter 'timeProvider' of 'CreateLocationHandler.CreateLocationHandler(IRepository<Location>, IHouseholdContext, IUnitOfWork, TimeProvider)' [/home/runner/work/Anything/Anything/tests/Anything.Application.UnitTests/Anything.Application.UnitTests.csproj]
/home/runner/work/Anything/Anything/tests/Anything.Application.UnitTests/Features/Locations/LocationHandlerTests.cs(51,27): error CS7036: There is no argument given that corresponds to the required parameter 'timeProvider' of 'CreateLocationHandler.CreateLocationHandler(IRepository<Location>, IHouseholdContext, IUnitOfWork, TimeProvider)' [/home/runner/work/Anything/Anything/tests/Anything.Application.UnitTests/Anything.Application.UnitTests.csproj]
/home/runner/work/Anything/Anything/tests/Anything.Application.UnitTests/Features/Inventory/CreateInventoryItemHandlerTests.cs(20,9): error CS7036: There is no argument given that corresponds to the required parameter 'timeProvider' of 'CreateInventoryItemHandler.CreateInventoryItemHandler(IRepository<InventoryItem>, IRepository<InventoryBox>, IRepository<InventoryStorageUnit>, IHouseholdContext, IUnitOfWork, TimeProvider)' [/home/runner/work/Anything/Anything/tests/Anything.Application.UnitTests/Anything.Application.UnitTests.csproj]
/home/runner/work/Anything/Anything/tests/Anything.Application.UnitTests/Features/Recipes/RecipeHandlerTests.cs(600,32): error CS7036: There is no argument given that corresponds to the required parameter 'householdContext' of 'GetRecipeIngredientsHandler.GetRecipeIngredientsHandler(IRepository<Recipe>, IRepository<RecipeIngredient>, IHouseholdContext)' [/home/runner/work/Anything/Anything/tests/Anything.Application.UnitTests/Anything.Application.UnitTests.csproj]
/home/runner/work/Anything/Anything/tests/Anything.Application.UnitTests/Features/Recipes/RecipeHandlerTests.cs(615,32): error CS7036: There is no argument given that corresponds to the required parameter 'householdContext' of 'GetRecipeIngredientsHandler.GetRecipeIngredientsHandler(IRepository<Recipe>, IRepository<RecipeIngredient>, IHouseholdContext)' [/home/runner/work/Anything/Anything/tests/Anything.Application.UnitTests/Anything.Application.UnitTests.csproj]
/home/runner/work/Anything/Anything/tests/Anything.Application.UnitTests/Features/Recipes/RecipeHandlerTests.cs(570,32): error CS7036: There is no argument given that corresponds to the required parameter 'unitOfWork' of 'DeleteRecipeTagHandler.DeleteRecipeTagHandler(IRepository<Recipe>, IRepository<RecipeTag>, IHouseholdContext, IUnitOfWork, TimeProvider)' [/home/runner/work/Anything/Anything/tests/Anything.Application.UnitTests/Anything.Application.UnitTests.csproj]
/home/runner/work/Anything/Anything/tests/Anything.Application.UnitTests/Features/Recipes/RecipeHandlerTests.cs(583,32): error CS7036: There is no argument given that corresponds to the required parameter 'unitOfWork' of 'DeleteRecipeTagHandler.DeleteRecipeTagHandler(IRepository<Recipe>, IRepository<RecipeTag>, IHouseholdContext, IUnitOfWork, TimeProvider)' [/home/runner/work/Anything/Anything/tests/Anything.Application.UnitTests/Anything.Application.UnitTests.csproj]
/home/runner/work/Anything/Anything/tests/Anything.Application.UnitTests/Features/Recipes/AddRecipeToShoppingListHandlerTests.cs(23,9): error CS7036: There is no argument given that corresponds to the required parameter 'timeProvider' of 'AddRecipeToShoppingListHandler.AddRecipeToShoppingListHandler(IRepository<Recipe>, IRepository<RecipeIngredient>, IRepository<ShoppingList>, IRepository<ShoppingListItem>, IRepository<ShoppingListRecommendation>, IHouseholdContext, IUnitOfWork, TimeProvider)' [/home/runner/work/Anything/Anything/tests/Anything.Application.UnitTests/Anything.Application.UnitTests.csproj]
/home/runner/work/Anything/Anything/tests/Anything.Application.UnitTests/Features/Recipes/RecipeHandlerTests.cs(538,32): error CS7036: There is no argument given that corresponds to the required parameter 'householdContext' of 'AddRecipeTagHandler.AddRecipeTagHandler(IRepository<Recipe>, IRepository<RecipeTag>, IUnitOfWork, TimeProvider, IHouseholdContext)' [/home/runner/work/Anything/Anything/tests/Anything.Application.UnitTests/Anything.Application.UnitTests.csproj]
/home/runner/work/Anything/Anything/tests/Anything.Application.UnitTests/Features/Recipes/RecipeHandlerTests.cs(547,32): error CS7036: There is no argument given that corresponds to the required parameter 'householdContext' of 'AddRecipeTagHandler.AddRecipeTagHandler(IRepository<Recipe>, IRepository<RecipeTag>, IUnitOfWork, TimeProvider, IHouseholdContext)' [/home/runner/work/Anything/Anything/tests/Anything.Application.UnitTests/Anything.Application.UnitTests.csproj]
/home/runner/work/Anything/Anything/tests/Anything.Application.UnitTests/Features/Recipes/RecipeHandlerTests.cs(501,32): error CS7036: There is no argument given that corresponds to the required parameter 'unitOfWork' of 'DeleteRecipeStepHandler.DeleteRecipeStepHandler(IRepository<Recipe>, IRepository<RecipeStep>, IHouseholdContext, IUnitOfWork, TimeProvider)' [/home/runner/work/Anything/Anything/tests/Anything.Application.UnitTests/Anything.Application.UnitTests.csproj]
/home/runner/work/Anything/Anything/tests/Anything.Application.UnitTests/Features/Recipes/RecipeHandlerTests.cs(514,32): error CS7036: There is no argument given that corresponds to the required parameter 'unitOfWork' of 'DeleteRecipeStepHandler.DeleteRecipeStepHandler(IRepository<Recipe>, IRepository<RecipeStep>, IHouseholdContext, IUnitOfWork, TimeProvider)' [/home/runner/work/Anything/Anything/tests/Anything.Application.UnitTests/Anything.Application.UnitTests.csproj]
/home/runner/work/Anything/Anything/tests/Anything.Application.UnitTests/Features/Inventory/DeleteInventoryBoxHandlerTests.cs(19,9): error CS7036: There is no argument given that corresponds to the required parameter 'timeProvider' of 'DeleteInventoryBoxHandler.DeleteInventoryBoxHandler(IRepository<InventoryBox>, IRepository<InventoryItem>, IHouseholdContext, IUnitOfWork, TimeProvider)' [/home/runner/work/Anything/Anything/tests/Anything.Application.UnitTests/Anything.Application.UnitTests.csproj]
/home/runner/work/Anything/Anything/tests/Anything.Application.UnitTests/Features/Recipes/RecipeHandlerTests.cs(457,32): error CS7036: There is no argument given that corresponds to the required parameter 'unitOfWork' of 'UpdateRecipeStepHandler.UpdateRecipeStepHandler(IRepository<Recipe>, IRepository<RecipeStep>, IHouseholdContext, IUnitOfWork, TimeProvider)' [/home/runner/work/Anything/Anything/tests/Anything.Application.UnitTests/Anything.Application.UnitTests.csproj]
/home/runner/work/Anything/Anything/tests/Anything.Application.UnitTests/Features/Recipes/RecipeHandlerTests.cs(466,32): error CS7036: There is no argument given that corresponds to the required parameter 'unitOfWork' of 'UpdateRecipeStepHandler.UpdateRecipeStepHandler(IRepository<Recipe>, IRepository<RecipeStep>, IHouseholdContext, IUnitOfWork, TimeProvider)' [/home/runner/work/Anything/Anything/tests/Anything.Application.UnitTests/Anything.Application.UnitTests.csproj]
/home/runner/work/Anything/Anything/tests/Anything.Application.UnitTests/Features/Recipes/RecipeHandlerTests.cs(477,32): error CS7036: There is no argument given that corresponds to the required parameter 'unitOfWork' of 'UpdateRecipeStepHandler.UpdateRecipeStepHandler(IRepository<Recipe>, IRepository<RecipeStep>, IHouseholdContext, IUnitOfWork, TimeProvider)' [/home/runner/work/Anything/Anything/tests/Anything.Application.UnitTests/Anything.Application.UnitTests.csproj]
/home/runner/work/Anything/Anything/tests/Anything.Application.UnitTests/Features/Recipes/RecipeHandlerTests.cs(425,32): error CS7036: There is no argument given that corresponds to the required parameter 'householdContext' of 'AddRecipeStepHandler.AddRecipeStepHandler(IRepository<Recipe>, IRepository<RecipeStep>, IUnitOfWork, TimeProvider, IHouseholdContext)' [/home/runner/work/Anything/Anything/tests/Anything.Application.UnitTests/Anything.Application.UnitTests.csproj]
/home/runner/work/Anything/Anything/tests/Anything.Application.UnitTests/Features/Recipes/RecipeHandlerTests.cs(434,32): error CS7036: There is no argument given that corresponds to the required parameter 'householdContext' of 'AddRecipeStepHandler.AddRecipeStepHandler(IRepository<Recipe>, IRepository<RecipeStep>, IUnitOfWork, TimeProvider, IHouseholdContext)' [/home/runner/work/Anything/Anything/tests/Anything.Application.UnitTests/Anything.Application.UnitTests.csproj]
/home/runner/work/Anything/Anything/tests/Anything.Application.UnitTests/Features/Recipes/RecipeHandlerTests.cs(388,32): error CS7036: There is no argument given that corresponds to the required parameter 'unitOfWork' of 'DeleteRecipeIngredientHandler.DeleteRecipeIngredientHandler(IRepository<Recipe>, IRepository<RecipeIngredient>, IHouseholdContext, IUnitOfWork, TimeProvider)' [/home/runner/work/Anything/Anything/tests/Anything.Application.UnitTests/Anything.Application.UnitTests.csproj]
/home/runner/work/Anything/Anything/tests/Anything.Application.UnitTests/Features/Recipes/RecipeHandlerTests.cs(401,32): error CS7036: There is no argument given that corresponds to the required parameter 'unitOfWork' of 'DeleteRecipeIngredientHandler.DeleteRecipeIngredientHandler(IRepository<Recipe>, IRepository<RecipeIngredient>, IHouseholdContext, IUnitOfWork, TimeProvider)' [/home/runner/work/Anything/Anything/tests/Anything.Application.UnitTests/Anything.Application.UnitTests.csproj]
/home/runner/work/Anything/Anything/tests/Anything.Application.UnitTests/Features/Recipes/RecipeHandlerTests.cs(340,32): error CS7036: There is no argument given that corresponds to the required parameter 'unitOfWork' of 'UpdateRecipeIngredientHandler.UpdateRecipeIngredientHandler(IRepository<Recipe>, IRepository<RecipeIngredient>, IHouseholdContext, IUnitOfWork, TimeProvider)' [/home/runner/work/Anything/Anything/tests/Anything.Application.UnitTests/Anything.Application.UnitTests.csproj]
/home/runner/work/Anything/Anything/tests/Anything.Application.UnitTests/Features/Recipes/RecipeHandlerTests.cs(349,32): error CS7036: There is no argument given that corresponds to the required parameter 'unitOfWork' of 'UpdateRecipeIngredientHandler.UpdateRecipeIngredientHandler(IRepository<Recipe>, IRepository<RecipeIngredient>, IHouseholdContext, IUnitOfWork, TimeProvider)' [/home/runner/work/Anything/Anything/tests/Anything.Application.UnitTests/Anything.Application.UnitTests.csproj]
/home/runner/work/Anything/Anything/tests/Anything.Application.UnitTests/Features/Recipes/RecipeHandlerTests.cs(362,32): error CS7036: There is no argument given that corresponds to the required parameter 'unitOfWork' of 'UpdateRecipeIngredientHandler.UpdateRecipeIngredientHandler(IRepository<Recipe>, IRepository<RecipeIngredient>, IHouseholdContext, IUnitOfWork, TimeProvider)' [/home/runner/work/Anything/Anything/tests/Anything.Application.UnitTests/Anything.Application.UnitTests.csproj]
/home/runner/work/Anything/Anything/tests/Anything.Application.UnitTests/Features/Recipes/RecipeHandlerTests.cs(303,27): error CS7036: There is no argument given that corresponds to the required parameter 'householdContext' of 'AddRecipeIngredientHandler.AddRecipeIngredientHandler(IRepository<Recipe>, IRepository<RecipeIngredient>, IUnitOfWork, TimeProvider, IHouseholdContext)' [/home/runner/work/Anything/Anything/tests/Anything.Application.UnitTests/Anything.Application.UnitTests.csproj]
/home/runner/work/Anything/Anything/tests/Anything.Application.UnitTests/Features/Recipes/RecipeHandlerTests.cs(314,27): error CS7036: There is no argument given that corresponds to the required parameter 'householdContext' of 'AddRecipeIngredientHandler.AddRecipeIngredientHandler(IRepository<Recipe>, IRepository<RecipeIngredient>, IUnitOfWork, TimeProvider, IHouseholdContext)' [/home/runner/work/Anything/Anything/tests/Anything.Application.UnitTests/Anything.Application.UnitTests.csproj]
/home/runner/work/Anything/Anything/tests/Anything.Application.UnitTests/Features/Recipes/RecipeHandlerTests.cs(29,27): error CS7036: There is no argument given that corresponds to the required parameter 'householdContext' of 'CreateRecipeHandler.CreateRecipeHandler(IRepository<Recipe>, IUnitOfWork, TimeProvider, IHouseholdContext)' [/home/runner/work/Anything/Anything/tests/Anything.Application.UnitTests/Anything.Application.UnitTests.csproj]
/home/runner/work/Anything/Anything/tests/Anything.Application.UnitTests/Features/Recipes/RecipeHandlerTests.cs(270,32): error CS7036: There is no argument given that corresponds to the required parameter 'householdContext' of 'GetRecipeByIdHandler.GetRecipeByIdHandler(IRepository<Recipe>, IHouseholdContext)' [/home/runner/work/Anything/Anything/tests/Anything.Application.UnitTests/Anything.Application.UnitTests.csproj]
/home/runner/work/Anything/Anything/tests/Anything.Application.UnitTests/Features/Recipes/RecipeHandlerTests.cs(44,27): error CS7036: There is no argument given that corresponds to the required parameter 'householdContext' of 'CreateRecipeHandler.CreateRecipeHandler(IRepository<Recipe>, IUnitOfWork, TimeProvider, IHouseholdContext)' [/home/runner/work/Anything/Anything/tests/Anything.Application.UnitTests/Anything.Application.UnitTests.csproj]
/home/runner/work/Anything/Anything/tests/Anything.Application.UnitTests/Features/Recipes/RecipeHandlerTests.cs(280,32): error CS7036: There is no argument given that corresponds to the required parameter 'householdContext' of 'GetRecipeByIdHandler.GetRecipeByIdHandler(IRepository<Recipe>, IHouseholdContext)' [/home/runner/work/Anything/Anything/tests/Anything.Application.UnitTests/Anything.Application.UnitTests.csproj]
/home/runner/work/Anything/Anything/tests/Anything.Application.UnitTests/Features/Recipes/RecipeHandlerTests.cs(255,32): error CS7036: There is no argument given that corresponds to the required parameter 'householdContext' of 'GetRecipesHandler.GetRecipesHandler(IRepository<Recipe>, IRepository<RecipeTag>, IRepository<RecipeIngredient>, IHouseholdContext)' [/home/runner/work/Anything/Anything/tests/Anything.Application.UnitTests/Anything.Application.UnitTests.csproj]
/home/runner/work/Anything/Anything/tests/Anything.Application.UnitTests/Features/Recipes/RecipeHandlerTests.cs(161,9): error CS7036: There is no argument given that corresponds to the required parameter 'householdContext' of 'ImportRecipeHandler.ImportRecipeHandler(IRepository<Recipe>, IRepository<RecipeIngredient>, IRepository<RecipeStep>, IRepository<RecipeImage>, IRecipeImageService, IUnitOfWork, TimeProvider, IHouseholdContext)' [/home/runner/work/Anything/Anything/tests/Anything.Application.UnitTests/Anything.Application.UnitTests.csproj]
/home/runner/work/Anything/Anything/tests/Anything.Application.UnitTests/Features/Recipes/RecipeHandlerTests.cs(130,32): error CS7036: There is no argument given that corresponds to the required parameter 'householdContext' of 'DeleteRecipeHandler.DeleteRecipeHandler(IRepository<Recipe>, IUnitOfWork, TimeProvider, IHouseholdContext)' [/home/runner/work/Anything/Anything/tests/Anything.Application.UnitTests/Anything.Application.UnitTests.csproj]
/home/runner/work/Anything/Anything/tests/Anything.Application.UnitTests/Features/Recipes/RecipeHandlerTests.cs(142,32): error CS7036: There is no argument given that corresponds to the required parameter 'householdContext' of 'DeleteRecipeHandler.DeleteRecipeHandler(IRepository<Recipe>, IUnitOfWork, TimeProvider, IHouseholdContext)' [/home/runner/work/Anything/Anything/tests/Anything.Application.UnitTests/Anything.Application.UnitTests.csproj]
/home/runner/work/Anything/Anything/tests/Anything.Application.UnitTests/Features/Recipes/RecipeHandlerTests.cs(69,32): error CS7036: There is no argument given that corresponds to the required parameter 'householdContext' of 'UpdateRecipeHandler.UpdateRecipeHandler(IRepository<Recipe>, IUnitOfWork, TimeProvider, IHouseholdContext)' [/home/runner/work/Anything/Anything/tests/Anything.Application.UnitTests/Anything.Application.UnitTests.csproj]
/home/runner/work/Anything/Anything/tests/Anything.Application.UnitTests/Features/Recipes/RecipeHandlerTests.cs(77,32): error CS7036: There is no argument given that corresponds to the required parameter 'householdContext' of 'UpdateRecipeHandler.UpdateRecipeHandler(IRepository<Recipe>, IUnitOfWork, TimeProvider, IHouseholdContext)' [/home/runner/work/Anything/Anything/tests/Anything.Application.UnitTests/Anything.Application.UnitTests.csproj]
/home/runner/work/Anything/Anything/tests/Anything.Application.UnitTests/Features/Recipes/RecipeHandlerTests.cs(89,32): error CS7036: There is no argument given that corresponds to the required parameter 'householdContext' of 'UpdateRecipeHandler.UpdateRecipeHandler(IRepository<Recipe>, IUnitOfWork, TimeProvider, IHouseholdContext)' [/home/runner/work/Anything/Anything/tests/Anything.Application.UnitTests/Anything.Application.UnitTests.csproj]
/home/runner/work/Anything/Anything/tests/Anything.Application.UnitTests/Features/Recipes/RecipeHandlerTests.cs(106,19): error CS7036: There is no argument given that corresponds to the required parameter 'householdContext' of 'UpdateRecipeHandler.UpdateRecipeHandler(IRepository<Recipe>, IUnitOfWork, TimeProvider, IHouseholdContext)' [/home/runner/work/Anything/Anything/tests/Anything.Application.UnitTests/Anything.Application.UnitTests.csproj]
