// Jest Snapshot v1, https://jestjs.io/docs/snapshot-testing

exports[`ShareRecipeDialog matches snapshot: existing shares listed 1`] = `
<div
  data-testid="header-actions"
/>
`;

exports[`ShareRecipeDialog matches snapshot: initial state with no shares 1`] = `
<div
  data-testid="header-actions"
/>
`;

exports[`ShareRecipeDialog matches snapshot: public link tab with generated link 1`] = `
<div
  data-testid="header-actions"
/>
`;

exports[`ShareRecipeDialog matches snapshot: user share tab 1`] = `
<div
  data-testid="header-actions"
/>
`;
